// Jest Snapshot v1, https://goo.gl/fbAQLP

exports[`<VerifyPage /> should match snapshot 1`] = `
.emotion-0 {
  display: -webkit-box;
  display: -webkit-flex;
  display: -ms-flexbox;
  display: flex;
  -webkit-box-pack: justify;
  -webkit-justify-content: space-between;
  justify-content: space-between;
  -webkit-flex-direction: column;
  -ms-flex-direction: column;
  flex-direction: column;
  min-width: 100%;
  margin: 0 auto;
  font-family: Open Sans;
  position: relative;
  min-height: 100vh;
}

.emotion-0>*:not(style)~*:not(style) {
  margin-top: 0px;
  -webkit-margin-end: 0px;
  margin-inline-end: 0px;
  margin-bottom: 0px;
  -webkit-margin-start: 0px;
  margin-inline-start: 0px;
}

.emotion-1 {
  display: -webkit-box;
  display: -webkit-flex;
  display: -ms-flexbox;
  display: flex;
  width: 100%;
  position: relative;
  background: var(--chakra-colors-transparent);
  box-shadow: var(--chakra-shadows-md);
  color: #55ACD8;
}

.emotion-2 {
  width: 100%;
  -webkit-margin-start: auto;
  margin-inline-start: auto;
  -webkit-margin-end: auto;
  margin-inline-end: auto;
  max-width: var(--chakra-sizes-5xl);
  -webkit-padding-start: 1rem;
  padding-inline-start: 1rem;
  -webkit-padding-end: 1rem;
  padding-inline-end: 1rem;
}

.emotion-3 {
  -webkit-flex-basis: 100%;
  -ms-flex-preferred-size: 100%;
  flex-basis: 100%;
}

@media screen and (min-width: 48em) {
  .emotion-3 {
    -webkit-flex-basis: auto;
    -ms-flex-preferred-size: auto;
    flex-basis: auto;
  }
}

.emotion-4 {
  display: -webkit-box;
  display: -webkit-flex;
  display: -ms-flexbox;
  display: flex;
  -webkit-align-items: center;
  -webkit-box-align: center;
  -ms-flex-align: center;
  align-items: center;
}

@media screen and (min-width: 48em) {
  .emotion-4 {
    -webkit-box-pack: justify;
    -webkit-justify-content: space-between;
    justify-content: space-between;
  }
}

.emotion-6 {
  transition-property: var(--chakra-transition-property-common);
  transition-duration: var(--chakra-transition-duration-fast);
  transition-timing-function: var(--chakra-transition-easing-ease-out);
  cursor: pointer;
  -webkit-text-decoration: none;
  text-decoration: none;
  outline: 2px solid transparent;
  outline-offset: 2px;
  color: inherit;
}

.emotion-6:hover,
.emotion-6[data-hover] {
  -webkit-text-decoration: underline;
  text-decoration: underline;
}

.emotion-6:focus,
.emotion-6[data-focus] {
  outline: 2px solid transparent;
  outline-offset: 2px;
}

.emotion-6:active,
.emotion-6[data-active] {
  outline: 2px solid transparent;
  outline-offset: 2px;
}

.emotion-7 {
  object-fit: cover;
  height: 100px;
  -webkit-transform: translateX(-38px);
  -moz-transform: translateX(-38px);
  -ms-transform: translateX(-38px);
  transform: translateX(-38px);
  aspect-ratio: 2/1;
}

.emotion-8 {
  margin-left: auto;
  display: block;
}

@media screen and (min-width: 30em) {
  .emotion-8 {
    display: none;
  }
}

.emotion-9 {
  display: none;
  -webkit-align-items: center;
  -webkit-box-align: center;
  -ms-flex-align: center;
  align-items: center;
  -webkit-box-pack: end;
  -ms-flex-pack: end;
  -webkit-justify-content: flex-end;
  justify-content: flex-end;
  -webkit-flex-direction: row;
  -ms-flex-direction: row;
  flex-direction: row;
  margin-left: auto;
}

.emotion-9>*:not(style)~*:not(style) {
  margin-top: 0px;
  -webkit-margin-end: 0px;
  margin-inline-end: 0px;
  margin-bottom: 0px;
  -webkit-margin-start: 0.5rem;
  margin-inline-start: 0.5rem;
}

@media screen and (min-width: 30em) {
  .emotion-9 {
    display: -webkit-box;
    display: -webkit-flex;
    display: -ms-flexbox;
    display: flex;
  }
}

@media screen and (min-width: 48em) {
  .emotion-9 {
    margin-left: 0px;
  }
}

.emotion-10 {
  display: -webkit-box;
  display: -webkit-flex;
  display: -ms-flexbox;
  display: flex;
  -webkit-flex-direction: column;
  -ms-flex-direction: column;
  flex-direction: column;
  padding-right: var(--chakra-space-2);
}

.emotion-10>*:not(style)~*:not(style) {
  margin-top: 0.5rem;
  -webkit-margin-end: 0px;
  margin-inline-end: 0px;
  margin-bottom: 0px;
  -webkit-margin-start: 0px;
  margin-inline-start: 0px;
}

.emotion-11 {
  width: 100%;
  height: -webkit-fit-content;
  height: -moz-fit-content;
  height: fit-content;
  position: relative;
  margin-left: var(--chakra-space-2);
}

.emotion-12 {
  -webkit-padding-end: 2rem;
  padding-inline-end: 2rem;
  width: 100%;
  min-width: 0px;
  outline: 2px solid transparent;
  outline-offset: 2px;
  position: relative;
  -webkit-appearance: none;
  -moz-appearance: none;
  -ms-appearance: none;
  appearance: none;
  transition-property: var(--chakra-transition-property-common);
  transition-duration: var(--chakra-transition-duration-normal);
  background: inherit;
  padding-bottom: 1px;
  line-height: var(--chakra-lineHeights-normal);
  font-size: var(--chakra-fontSizes-md);
  -webkit-padding-start: var(--chakra-space-4);
  padding-inline-start: var(--chakra-space-4);
  height: var(--chakra-sizes-10);
  border-radius: var(--chakra-radii-md);
  border: 1px solid;
  border-color: inherit;
}

.emotion-12>option,
.emotion-12>optgroup {
  background: var(--chakra-colors-white);
}

.emotion-12:hover,
.emotion-12[data-hover] {
  border-color: var(--chakra-colors-gray-300);
}

.emotion-12[aria-readonly=true],
.emotion-12[readonly],
.emotion-12[data-readonly] {
  box-shadow: none!important;
  -webkit-user-select: all;
  -moz-user-select: all;
  -ms-user-select: all;
  user-select: all;
}

.emotion-12[disabled],
.emotion-12[aria-disabled=true],
.emotion-12[data-disabled] {
  opacity: 0.4;
  cursor: not-allowed;
}

.emotion-12[aria-invalid=true],
.emotion-12[data-invalid] {
  border-color: #E53E3E;
  box-shadow: 0 0 0 1px #E53E3E;
}

.emotion-12:focus,
.emotion-12[data-focus] {
  z-index: unset;
  border-color: #3182ce;
  box-shadow: 0 0 0 1px #3182ce;
}

.emotion-13 {
  width: 1.5rem;
  height: 100%;
  right: 0.5rem;
  position: absolute;
  color: currentColor;
  font-size: 1.25rem;
  display: -webkit-inline-box;
  display: -webkit-inline-flex;
  display: -ms-inline-flexbox;
  display: inline-flex;
  -webkit-align-items: center;
  -webkit-box-align: center;
  -ms-flex-align: center;
  align-items: center;
  -webkit-box-pack: center;
  -ms-flex-pack: center;
  -webkit-justify-content: center;
  justify-content: center;
  pointer-events: none;
  top: 50%;
  -webkit-transform: translateY(-50%);
  -moz-transform: translateY(-50%);
  -ms-transform: translateY(-50%);
  transform: translateY(-50%);
}

.emotion-13[disabled],
.emotion-13[aria-disabled=true],
.emotion-13[data-disabled] {
  opacity: 0.5;
}

.emotion-14 {
  margin-bottom: var(--chakra-space-4);
  margin-right: var(--chakra-space-2);
  -webkit-padding-start: var(--chakra-space-2);
  padding-inline-start: var(--chakra-space-2);
  -webkit-padding-end: var(--chakra-space-2);
  padding-inline-end: var(--chakra-space-2);
  padding-left: 0px;
  display: block;
}

@media screen and (min-width: 30em) {
  .emotion-14 {
    margin-bottom: 0px;
    margin-right: var(--chakra-space-2);
  }
}

.emotion-18 {
  display: -webkit-box;
  display: -webkit-flex;
  display: -ms-flexbox;
  display: flex;
  -webkit-flex-direction: column;
  -ms-flex-direction: column;
  flex-direction: column;
}

.emotion-18>*:not(style)~*:not(style) {
  margin-top: 0.5rem;
  -webkit-margin-end: 0px;
  margin-inline-end: 0px;
  margin-bottom: 0px;
  -webkit-margin-start: 0px;
  margin-inline-start: 0px;
}

.emotion-19 {
  display: -webkit-inline-box;
  display: -webkit-inline-flex;
  display: -ms-inline-flexbox;
  display: inline-flex;
  -webkit-appearance: none;
  -moz-appearance: none;
  -ms-appearance: none;
  appearance: none;
  -webkit-align-items: center;
  -webkit-box-align: center;
  -ms-flex-align: center;
  align-items: center;
  -webkit-box-pack: center;
  -ms-flex-pack: center;
  -webkit-justify-content: center;
  justify-content: center;
  -webkit-user-select: none;
  -moz-user-select: none;
  -ms-user-select: none;
  user-select: none;
  position: relative;
  white-space: nowrap;
  vertical-align: middle;
  outline: 2px solid transparent;
  outline-offset: 2px;
  width: auto;
  line-height: 1.2;
  border-radius: var(--chakra-radii-md);
  font-weight: var(--chakra-fontWeights-semibold);
  transition-property: var(--chakra-transition-property-common);
  transition-duration: var(--chakra-transition-duration-normal);
  height: var(--chakra-sizes-10);
  min-width: var(--chakra-sizes-10);
  font-size: var(--chakra-fontSizes-md);
  -webkit-padding-start: var(--chakra-space-4);
  padding-inline-start: var(--chakra-space-4);
  -webkit-padding-end: var(--chakra-space-4);
  padding-inline-end: var(--chakra-space-4);
}

.emotion-19:focus,
.emotion-19[data-focus] {
  box-shadow: var(--chakra-shadows-outline);
}

.emotion-19[disabled],
.emotion-19[aria-disabled=true],
.emotion-19[data-disabled] {
  opacity: 0.4;
  cursor: not-allowed;
  box-shadow: var(--chakra-shadows-none);
}

.emotion-19:hover[disabled],
.emotion-19[data-hover][disabled],
.emotion-19:hover[aria-disabled=true],
.emotion-19[data-hover][aria-disabled=true],
.emotion-19:hover[data-disabled],
.emotion-19[data-hover][data-disabled] {
  background: initial;
}

.emotion-20 {
  display: -webkit-box;
  display: -webkit-flex;
  display: -ms-flexbox;
  display: flex;
  -webkit-flex-direction: column;
  -ms-flex-direction: column;
  flex-direction: column;
  -webkit-box-flex: 1;
  -webkit-flex-grow: 1;
  -ms-flex-positive: 1;
  flex-grow: 1;
}

.emotion-20>*:not(style)~*:not(style) {
  margin-top: 0.5rem;
  -webkit-margin-end: 0px;
  margin-inline-end: 0px;
  margin-bottom: 0px;
  -webkit-margin-start: 0px;
  margin-inline-start: 0px;
}

.emotion-21 {
  display: -webkit-box;
  display: -webkit-flex;
  display: -ms-flexbox;
  display: flex;
  -webkit-align-items: center;
  -webkit-box-align: center;
  -ms-flex-align: center;
  align-items: center;
  -webkit-box-pack: center;
  -ms-flex-pack: center;
  -webkit-justify-content: center;
  justify-content: center;
  font-family: Open Sans;
  font-size: var(--chakra-fontSizes-xl);
  margin-top: 10%;
  background: var(--chakra-colors-white);
}

@media screen and (min-width: 30em) {
  .emotion-21 {
    font-family: sans-serif;
  }
}

.emotion-23 {
  width: 100%;
  display: -webkit-box;
  display: -webkit-flex;
  display: -ms-flexbox;
  display: flex;
  -webkit-align-items: center;
  -webkit-box-align: center;
  -ms-flex-align: center;
  align-items: center;
  position: relative;
  overflow: hidden;
  -webkit-padding-start: var(--chakra-space-4);
  padding-inline-start: var(--chakra-space-4);
  -webkit-padding-end: var(--chakra-space-4);
  padding-inline-end: var(--chakra-space-4);
  padding-top: var(--chakra-space-3);
  padding-bottom: var(--chakra-space-3);
  background: #FED7D7;
  -webkit-flex-direction: column;
  -ms-flex-direction: column;
  flex-direction: column;
  -webkit-box-pack: center;
  -ms-flex-pack: center;
  -webkit-justify-content: center;
  justify-content: center;
  text-align: center;
}

.emotion-24 {
  -webkit-flex-shrink: 0;
  -ms-flex-negative: 0;
  flex-shrink: 0;
  -webkit-margin-end: var(--chakra-space-3);
  margin-inline-end: var(--chakra-space-3);
  width: 40px;
  height: 40px;
  color: var(--chakra-colors-red-500);
  display: inherit;
  margin-right: 0px;
}

.emotion-25 {
  width: 100%;
  height: 100%;
  display: inline-block;
  line-height: 1em;
  -webkit-flex-shrink: 0;
  -ms-flex-negative: 0;
  flex-shrink: 0;
  color: currentColor;
  vertical-align: middle;
}

.emotion-26 {
  font-weight: var(--chakra-fontWeights-bold);
  line-height: var(--chakra-lineHeights-6);
  -webkit-margin-end: var(--chakra-space-2);
  margin-inline-end: var(--chakra-space-2);
  font-size: var(--chakra-fontSizes-lg);
  margin-top: var(--chakra-space-2);
  margin-bottom: var(--chakra-space-2);
}

.emotion-27 {
  display: inline;
  line-height: var(--chakra-lineHeights-6);
  max-width: var(--chakra-sizes-sm);
  padding-top: var(--chakra-space-4);
  padding-bottom: var(--chakra-space-4);
}

.emotion-28 {
  display: -webkit-box;
  display: -webkit-flex;
  display: -ms-flexbox;
  display: flex;
  -webkit-align-items: center;
  -webkit-box-align: center;
  -ms-flex-align: center;
  align-items: center;
  -webkit-box-pack: center;
  -ms-flex-pack: center;
  -webkit-justify-content: center;
  justify-content: center;
  -webkit-flex-direction: column;
  -ms-flex-direction: column;
  flex-direction: column;
  background: #5B5858;
  color: var(--chakra-colors-white);
  width: 100%;
  padding: var(--chakra-space-4);
}

.emotion-28>*:not(style)~*:not(style) {
  margin-top: 0.5rem;
  -webkit-margin-end: 0px;
  margin-inline-end: 0px;
  margin-bottom: 0px;
  -webkit-margin-start: 0px;
  margin-inline-start: 0px;
}

.emotion-29 {
  display: -webkit-box;
  display: -webkit-flex;
  display: -ms-flexbox;
  display: flex;
  -webkit-box-flex-wrap: wrap;
  -webkit-flex-wrap: wrap;
  -ms-flex-wrap: wrap;
  flex-wrap: wrap;
  width: 100%;
}

.emotion-30 {
  width: 100%;
  text-align: center;
  color: var(--chakra-colors-white);
  font-size: var(--chakra-fontSizes-sm);
}

.emotion-31 {
  transition-property: var(--chakra-transition-property-common);
  transition-duration: var(--chakra-transition-duration-fast);
  transition-timing-function: var(--chakra-transition-easing-ease-out);
  cursor: pointer;
  -webkit-text-decoration: none;
  text-decoration: none;
  outline: 2px solid transparent;
  outline-offset: 2px;
  color: #1BCE9F;
}

.emotion-31:hover,
.emotion-31[data-hover] {
  -webkit-text-decoration: underline;
  text-decoration: underline;
}

.emotion-31:focus,
.emotion-31[data-focus] {
  box-shadow: var(--chakra-shadows-outline);
}

<div>
  <div
    class="chakra-stack emotion-0"
  >
    <div
      class="emotion-1"
    >
      <div
        class="chakra-container emotion-2"
      >
        <div
          class="emotion-3"
        >
          <div
            class="emotion-4"
          >
            <div
              class="emotion-5"
            >
              <a
                aria-current="page"
                class="active"
                href="/"
              >
                <a
                  class="chakra-link emotion-6"
                >
                  <img
                    alt="Trisa logo"
                    class="emotion-7"
                    src="TRISA-GDS-black.png"
                  />
                </a>
              </a>
            </div>
            <div
              class="emotion-8"
            >
              <svg
                viewBox="0 0 20 20"
                width="24px"
                xmlns="http://www.w3.org/2000/svg"
              >
                <title>
                  Menu
                </title>
                <path
                  d="M0 3h20v2H0V3zm0 6h20v2H0V9zm0 6h20v2H0v-2z"
                  fill="black"
                />
              </svg>
            </div>
            <div
              class="chakra-stack emotion-9"
            >
              <div
                class="chakra-stack emotion-10"
              >
                <div
                  class="chakra-select__wrapper emotion-11"
                >
                  <select
                    class="chakra-select emotion-12"
                  >
                    <option
                      value="en"
                    >
                      🇺🇸 EN
                    </option>
                    <option
                      value="fr"
                    >
                      🇫🇷 FR
                    </option>
                    <option
                      value="de"
                    >
                      🇩🇪 DE
                    </option>
                    <option
                      value="zh"
                    >
                      🇨🇳 ZH
                    </option>
                    <option
                      value="ja"
                    >
                      🇯🇵 JA
                    </option>
                  </select>
                  <div
                    class="chakra-select__icon-wrapper emotion-13"
                  >
                    <svg
                      aria-hidden="true"
                      class="chakra-select__icon"
                      focusable="false"
                      role="presentation"
                      style="width: 1em; height: 1em; color: currentColor;"
                      viewBox="0 0 24 24"
                    >
                      <path
                        d="M16.59 8.59L12 13.17 7.41 8.59 6 10l6 6 6-6z"
                        fill="currentColor"
                      />
                    </svg>
                  </div>
                </div>
              </div>
              <div
                class="chakra-text emotion-14"
                data-testid="about"
              >
                <a
                  class="chakra-link emotion-6"
                  href="https://trisa.dev/reference/faq/index.html"
                  rel="noopener"
                  target="_blank"
                >
                  About TRISA
                </a>
              </div>
              <div
                class="chakra-text emotion-14"
                data-testid="documentation"
              >
                <a
                  class="chakra-link emotion-6"
                  href="https://trisa.dev/en"
                  rel="noopener"
                  target="_blank"
                >
                  Documentation
                </a>
              </div>
              <div
                class="chakra-stack emotion-18"
              >
                <a
                  class=""
                  href="/auth/login"
                >
                  <button
                    class="chakra-button emotion-19"
                    data-cy="nav-login-bttn"
                    type="button"
                  >
                    Login
                  </button>
                </a>
              </div>
            </div>
          </div>
        </div>
      </div>
    </div>
    <div
      class="chakra-stack emotion-20"
    >
      <div
        class="emotion-21"
      >
        <div
          class="chakra-stack emotion-18"
        >
          <div
            class="chakra-alert emotion-23"
            role="alert"
          >
            <span
              class="chakra-alert__icon emotion-24"
            >
              <svg
                class="chakra-icon emotion-25"
                focusable="false"
                viewBox="0 0 24 24"
              >
                <path
                  d="M11.983,0a12.206,12.206,0,0,0-8.51,3.653A11.8,11.8,0,0,0,0,12.207,11.779,11.779,0,0,0,11.8,24h.214A12.111,12.111,0,0,0,24,11.791h0A11.766,11.766,0,0,0,11.983,0ZM10.5,16.542a1.476,1.476,0,0,1,1.449-1.53h.027a1.527,1.527,0,0,1,1.523,1.47,1.475,1.475,0,0,1-1.449,1.53h-.027A1.529,1.529,0,0,1,10.5,16.542ZM11,12.5v-6a1,1,0,0,1,2,0v6a1,1,0,1,1-2,0Z"
                  fill="currentColor"
                />
              </svg>
            </span>
            <div
              class="chakra-alert__title emotion-26"
            >
              Unable to Verify Contact
            </div>
            <div
              class="chakra-alert__desc emotion-27"
            >
              Invalid params
            </div>
          </div>
        </div>
      </div>
    </div>
    <footer
      style="width: 100%;"
    >
      <div
        class="chakra-stack emotion-28"
      >
        <div
          class="emotion-29"
        >
          <p
            class="chakra-text emotion-30"
          >
            A component of
             
            <a
              class="chakra-link emotion-31"
              href="https://trisa.dev"
            >
              the TRISA architecture
            </a>
             
            for Cryptocurrency Travel Rule compliance.
          </p>
          <p
            class="chakra-text emotion-30"
          >
            Created and maintained by
             
            <a
              class="chakra-link emotion-31"
              href="https://rotational.io"
            >
               
              Rotational Labs
            </a>
             
            in partnership with
             
            <a
              class="chakra-link emotion-31"
              href="https://cyphertrace.com"
            >
               
              CipherTrace
            </a>
             
            on behalf of
             
            <a
              class="chakra-link emotion-31"
              href="https://trisa.dev"
            >
              TRISA
            </a>
             
          </p>
        </div>
      </div>
    </footer>
  </div>
</div>
`;
