// Jest Snapshot v1, https://goo.gl/fbAQLP

exports[`MemberTable should render 1`] = `
.emotion-0 {
  display: -webkit-box;
  display: -webkit-flex;
  display: -ms-flexbox;
  display: flex;
  -webkit-align-items: start;
  -webkit-box-align: start;
  -ms-flex-align: start;
  align-items: start;
  -webkit-flex-direction: column;
  -ms-flex-direction: column;
  flex-direction: column;
  background: var(--chakra-colors-white);
  border: 2px solid #E5EDF1;
  border-radius: 10px;
  padding: var(--chakra-space-3);
  overflow-x: scroll;
}

.emotion-0>*:not(style)~*:not(style) {
  margin-top: var(--chakra-space-3-5);
  -webkit-margin-end: 0px;
  margin-inline-end: 0px;
  margin-bottom: 0px;
  -webkit-margin-start: 0px;
  margin-inline-start: 0px;
}

@media screen and (min-width: 48em) {
  .emotion-0 {
    padding: var(--chakra-space-9);
  }
}

.emotion-1 {
  font-variant-numeric: lining-nums tabular-nums;
  border-collapse: collapse;
  width: var(--chakra-sizes-full);
}

.emotion-2 {
  margin-top: var(--chakra-space-4);
  font-family: var(--chakra-fonts-heading);
  text-align: end;
  font-weight: var(--chakra-fontWeights-medium);
  -webkit-padding-start: var(--chakra-space-6);
  padding-inline-start: var(--chakra-space-6);
  -webkit-padding-end: var(--chakra-space-6);
  padding-inline-end: var(--chakra-space-6);
  padding-top: var(--chakra-space-2);
  padding-bottom: var(--chakra-space-2);
  font-size: 20px;
  color: var(--chakra-colors-gray-600);
  caption-side: top;
  padding: 0px;
  margin: 0px;
  margin-bottom: var(--chakra-space-3);
}

.emotion-3 {
  display: -webkit-box;
  display: -webkit-flex;
  display: -ms-flexbox;
  display: flex;
  -webkit-align-items: center;
  -webkit-box-align: center;
  -ms-flex-align: center;
  align-items: center;
  -webkit-box-pack: justify;
  -webkit-justify-content: space-between;
  justify-content: space-between;
  -webkit-flex-direction: row;
  -ms-flex-direction: row;
  flex-direction: row;
  margin-bottom: var(--chakra-space-10);
}

.emotion-3>*:not(style)~*:not(style) {
  margin-top: 0px;
  -webkit-margin-end: 0px;
  margin-inline-end: 0px;
  margin-bottom: 0px;
  -webkit-margin-start: 0.5rem;
  margin-inline-start: 0.5rem;
}

.emotion-4 {
  font-family: var(--chakra-fonts-heading);
  font-weight: var(--chakra-fontWeights-bold);
  font-size: var(--chakra-fontSizes-xl);
  line-height: 1.2;
  color: var(--chakra-colors-black);
}

.emotion-5 {
  display: -webkit-inline-box;
  display: -webkit-inline-flex;
  display: -ms-inline-flexbox;
  display: inline-flex;
  -webkit-appearance: none;
  -moz-appearance: none;
  -ms-appearance: none;
  appearance: none;
  -webkit-align-items: center;
  -webkit-box-align: center;
  -ms-flex-align: center;
  align-items: center;
  -webkit-box-pack: center;
  -ms-flex-pack: center;
  -webkit-justify-content: center;
  justify-content: center;
  -webkit-user-select: none;
  -moz-user-select: none;
  -ms-user-select: none;
  user-select: none;
  position: relative;
  white-space: nowrap;
  vertical-align: middle;
  outline: 2px solid transparent;
  outline-offset: 2px;
  width: auto;
  line-height: 1.2;
  border-radius: var(--chakra-radii-md);
  font-weight: var(--chakra-fontWeights-semibold);
  transition-property: var(--chakra-transition-property-common);
  transition-duration: var(--chakra-transition-duration-normal);
  height: var(--chakra-sizes-10);
  min-width: 100px;
  font-size: var(--chakra-fontSizes-md);
  -webkit-padding-start: var(--chakra-space-4);
  padding-inline-start: var(--chakra-space-4);
  -webkit-padding-end: var(--chakra-space-4);
  padding-inline-end: var(--chakra-space-4);
  background: var(--chakra-colors-black);
  color: var(--chakra-colors-white);
}

.emotion-5:focus,
.emotion-5[data-focus] {
  box-shadow: var(--chakra-shadows-outline);
}

.emotion-5[disabled],
.emotion-5[aria-disabled=true],
.emotion-5[data-disabled] {
  opacity: 0.4;
  cursor: not-allowed;
  box-shadow: var(--chakra-shadows-none);
}

.emotion-5:hover,
.emotion-5[data-hover] {
  background: var(--chakra-colors-black);
}

.emotion-5:active,
.emotion-5[data-active] {
  background: var(--chakra-colors-gray-300);
}

.emotion-6 {
  width: 100%;
  position: relative;
}

.emotion-7 {
  display: block;
  text-align: start;
  font-size: var(--chakra-fontSizes-md);
  -webkit-margin-end: var(--chakra-space-3);
  margin-inline-end: var(--chakra-space-3);
  margin-bottom: var(--chakra-space-2);
  font-weight: var(--chakra-fontWeights-medium);
  transition-property: var(--chakra-transition-property-common);
  transition-duration: var(--chakra-transition-duration-normal);
  opacity: 1;
}

.emotion-7[disabled],
.emotion-7[aria-disabled=true],
.emotion-7[data-disabled] {
  opacity: 0.4;
}

.emotion-8 {
  width: 100%;
  height: -webkit-fit-content;
  height: -moz-fit-content;
  height: fit-content;
  position: relative;
}

.emotion-9 {
  -webkit-padding-end: 2rem;
  padding-inline-end: 2rem;
  width: 100%;
  min-width: 0px;
  outline: 2px solid transparent;
  outline-offset: 2px;
  position: relative;
  -webkit-appearance: none;
  -moz-appearance: none;
  -ms-appearance: none;
  appearance: none;
  transition-property: var(--chakra-transition-property-common);
  transition-duration: var(--chakra-transition-duration-normal);
  background: inherit;
  padding-bottom: 1px;
  line-height: var(--chakra-lineHeights-normal);
  font-size: var(--chakra-fontSizes-md);
  -webkit-padding-start: var(--chakra-space-4);
  padding-inline-start: var(--chakra-space-4);
  height: var(--chakra-sizes-10);
  border-radius: var(--chakra-radii-md);
  border: 1px solid;
  border-color: inherit;
}

.emotion-9>option,
.emotion-9>optgroup {
  background: var(--chakra-colors-white);
}

.emotion-9:hover,
.emotion-9[data-hover] {
  border-color: var(--chakra-colors-gray-300);
}

.emotion-9[aria-readonly=true],
.emotion-9[readonly],
.emotion-9[data-readonly] {
  box-shadow: none!important;
  -webkit-user-select: all;
  -moz-user-select: all;
  -ms-user-select: all;
  user-select: all;
}

.emotion-9[disabled],
.emotion-9[aria-disabled=true],
.emotion-9[data-disabled] {
  opacity: 0.4;
  cursor: not-allowed;
}

.emotion-9[aria-invalid=true],
.emotion-9[data-invalid] {
  border-color: #E53E3E;
  box-shadow: 0 0 0 1px #E53E3E;
}

.emotion-9:focus,
.emotion-9[data-focus] {
  z-index: unset;
  border-color: #3182ce;
  box-shadow: 0 0 0 1px #3182ce;
}

.emotion-10 {
  width: 1.5rem;
  height: 100%;
  right: 0.5rem;
  position: absolute;
  color: currentColor;
  font-size: 1.25rem;
  display: -webkit-inline-box;
  display: -webkit-inline-flex;
  display: -ms-inline-flexbox;
  display: inline-flex;
  -webkit-align-items: center;
  -webkit-box-align: center;
  -ms-flex-align: center;
  align-items: center;
  -webkit-box-pack: center;
  -ms-flex-pack: center;
  -webkit-justify-content: center;
  justify-content: center;
  pointer-events: none;
  top: 50%;
  -webkit-transform: translateY(-50%);
  -moz-transform: translateY(-50%);
  -ms-transform: translateY(-50%);
  transform: translateY(-50%);
}

.emotion-10[disabled],
.emotion-10[aria-disabled=true],
.emotion-10[data-disabled] {
  opacity: 0.5;
}

.emotion-13 {
  font-family: var(--chakra-fonts-heading);
  font-weight: var(--chakra-fontWeights-bold);
  text-transform: uppercase;
  letter-spacing: var(--chakra-letterSpacings-wider);
  text-align: start;
  -webkit-padding-start: var(--chakra-space-6);
  padding-inline-start: var(--chakra-space-6);
  -webkit-padding-end: var(--chakra-space-6);
  padding-inline-end: var(--chakra-space-6);
  padding-top: var(--chakra-space-3);
  padding-bottom: var(--chakra-space-3);
  line-height: var(--chakra-lineHeights-4);
  font-size: var(--chakra-fontSizes-xs);
  color: var(--chakra-colors-gray-600);
  border-bottom: var(--chakra-borders-1px);
  border-color: var(--chakra-colors-gray-100);
}

.emotion-13[data-is-numeric=true] {
  text-align: end;
}

.emotion-18 {
  font-family: var(--chakra-fonts-heading);
  font-weight: var(--chakra-fontWeights-bold);
  text-transform: uppercase;
  letter-spacing: var(--chakra-letterSpacings-wider);
  text-align: center;
  -webkit-padding-start: var(--chakra-space-6);
  padding-inline-start: var(--chakra-space-6);
  -webkit-padding-end: var(--chakra-space-6);
  padding-inline-end: var(--chakra-space-6);
  padding-top: var(--chakra-space-3);
  padding-bottom: var(--chakra-space-3);
  line-height: var(--chakra-lineHeights-4);
  font-size: var(--chakra-fontSizes-xs);
  color: var(--chakra-colors-gray-600);
  border-bottom: var(--chakra-borders-1px);
  border-color: var(--chakra-colors-gray-100);
}

.emotion-18[data-is-numeric=true] {
  text-align: end;
}

.emotion-21 {
  text-align: start;
  -webkit-padding-start: var(--chakra-space-6);
  padding-inline-start: var(--chakra-space-6);
  -webkit-padding-end: var(--chakra-space-6);
  padding-inline-end: var(--chakra-space-6);
  padding-top: var(--chakra-space-4);
  padding-bottom: var(--chakra-space-4);
  line-height: var(--chakra-lineHeights-5);
  border-bottom: var(--chakra-borders-1px);
  border-color: var(--chakra-colors-gray-100);
}

.emotion-21[data-is-numeric=true] {
  text-align: end;
}

.emotion-22 {
  display: block;
}

.emotion-27 {
  display: -webkit-inline-box;
  display: -webkit-inline-flex;
  display: -ms-inline-flexbox;
  display: inline-flex;
  vertical-align: top;
  -webkit-align-items: center;
  -webkit-box-align: center;
  -ms-flex-align: center;
  align-items: center;
  max-width: 100%;
  font-weight: var(--chakra-fontWeights-medium);
  line-height: 1.2;
  outline: 2px solid transparent;
  outline-offset: 2px;
  min-height: 1.5rem;
  min-width: 1.5rem;
  font-size: var(--chakra-fontSizes-sm);
  border-radius: var(--chakra-radii-md);
  -webkit-padding-start: var(--chakra-space-2);
  padding-inline-start: var(--chakra-space-2);
  -webkit-padding-end: var(--chakra-space-2);
  padding-inline-end: var(--chakra-space-2);
  background: var(--chakra-colors-green-400);
  color: var(--chakra-colors-white);
}

.emotion-27:focus,
.emotion-27[data-focus] {
  box-shadow: var(--chakra-shadows-outline);
}

.emotion-28 {
  text-align: start;
  -webkit-padding-start: var(--chakra-space-6);
  padding-inline-start: var(--chakra-space-6);
  -webkit-padding-end: var(--chakra-space-6);
  padding-inline-end: var(--chakra-space-6);
  padding-top: 0px;
  padding-bottom: 0px;
  line-height: var(--chakra-lineHeights-5);
  border-bottom: var(--chakra-borders-1px);
  border-color: var(--chakra-colors-gray-100);
}

.emotion-28[data-is-numeric=true] {
  text-align: end;
}

.emotion-29 {
  display: -webkit-box;
  display: -webkit-flex;
  display: -ms-flexbox;
  display: flex;
  -webkit-align-items: center;
  -webkit-box-align: center;
  -ms-flex-align: center;
  align-items: center;
  -webkit-box-pack: center;
  -ms-flex-pack: center;
  -webkit-justify-content: center;
  justify-content: center;
  -webkit-flex-direction: row;
  -ms-flex-direction: row;
  flex-direction: row;
  width: 100%;
}

.emotion-29>*:not(style)~*:not(style) {
  margin-top: 0px;
  -webkit-margin-end: 0px;
  margin-inline-end: 0px;
  margin-bottom: 0px;
  -webkit-margin-start: 0.5rem;
  margin-inline-start: 0.5rem;
}

.emotion-30 {
  display: -webkit-inline-box;
  display: -webkit-inline-flex;
  display: -ms-inline-flexbox;
  display: inline-flex;
  -webkit-appearance: none;
  -moz-appearance: none;
  -ms-appearance: none;
  appearance: none;
  -webkit-align-items: center;
  -webkit-box-align: center;
  -ms-flex-align: center;
  align-items: center;
  -webkit-box-pack: center;
  -ms-flex-pack: center;
  -webkit-justify-content: center;
  justify-content: center;
  -webkit-user-select: none;
  -moz-user-select: none;
  -ms-user-select: none;
  user-select: none;
  position: relative;
  white-space: nowrap;
  vertical-align: middle;
  outline: 2px solid transparent;
  outline-offset: 2px;
  width: auto;
  line-height: 1.2;
  border-radius: var(--chakra-radii-md);
  font-weight: var(--chakra-fontWeights-semibold);
  transition-property: var(--chakra-transition-property-common);
  transition-duration: var(--chakra-transition-duration-normal);
  height: var(--chakra-sizes-10);
  min-width: var(--chakra-sizes-10);
  font-size: var(--chakra-fontSizes-md);
  -webkit-padding-start: var(--chakra-space-4);
  padding-inline-start: var(--chakra-space-4);
  -webkit-padding-end: var(--chakra-space-4);
  padding-inline-end: var(--chakra-space-4);
  background: var(--chakra-colors-transparent);
  color: blue;
}

.emotion-30:focus,
.emotion-30[data-focus] {
  background: var(--chakra-colors-transparent);
}

.emotion-30[disabled],
.emotion-30[aria-disabled=true],
.emotion-30[data-disabled] {
  opacity: 0.4;
  cursor: not-allowed;
  box-shadow: var(--chakra-shadows-none);
}

.emotion-30:hover,
.emotion-30[data-hover] {
  background: var(--chakra-colors-transparent);
}

.emotion-30:active,
.emotion-30[data-active] {
  background: var(--chakra-colors-gray-300);
}

<div>
  <div
    class="chakra-stack emotion-0"
  >
    <table
      class="chakra-table emotion-1"
      role="table"
    >
      <caption
        class="emotion-2"
      >
        <div
          class="chakra-stack emotion-3"
        >
          <h2
            class="chakra-heading emotion-4"
          >
            Member List
          </h2>
          <button
            class="chakra-button emotion-5"
            type="button"
          >
            Export
          </button>
        </div>
        <div
          class="chakra-form-control emotion-6"
          role="group"
        >
          <label
            class="chakra-form__label emotion-7"
            for="field-1"
            id="field-1-label"
          >
            Select Network
          </label>
          <div
            class="chakra-select__wrapper emotion-8"
          >
            <select
              class="chakra-select emotion-9"
              id="field-1"
            >
              <option
                value="mainnet"
              >
                MainNet
              </option>
              <option
                value="testnet"
              >
                TestNet
              </option>
            </select>
            <div
              class="chakra-select__icon-wrapper emotion-10"
            >
              <svg
                aria-hidden="true"
                class="chakra-select__icon"
                focusable="false"
                role="presentation"
                style="width: 1em; height: 1em; color: currentColor;"
                viewBox="0 0 24 24"
              >
                <path
                  d="M16.59 8.59L12 13.17 7.41 8.59 6 10l6 6 6-6z"
                  fill="currentColor"
                />
              </svg>
            </div>
          </div>
        </div>
      </caption>
      <thead
        class="emotion-11"
      >
        <tr
          class="emotion-11"
          role="row"
        >
          <th
            class="emotion-13"
            data-testid="name-header"
          >
            Member Name
          </th>
          <th
            class="emotion-13"
            data-testid="joined-header"
          >
            Joined
          </th>
          <th
            class="emotion-13"
            data-testid="last-updated-header"
          >
            Last Updated
          </th>
          <th
            class="emotion-13"
            data-testid="network-header"
          >
            Network
          </th>
          <th
            class="emotion-13"
            data-testid="status-header"
          >
            Status
          </th>
          <th
            class="emotion-18"
            data-testid="actions-header"
          >
            Actions
          </th>
        </tr>
      </thead>
      <tbody
        class="emotion-11"
      >
        <tr
          class="emotion-11"
          role="row"
        >
          <td
            class="emotion-21"
            role="gridcell"
          >
            <span
              class="emotion-22"
            >
              FireCoin Exchange
            </span>
          </td>
          <td
            class="emotion-21"
            role="gridcell"
          >
            Apr 20, 2022
          </td>
          <td
            class="emotion-21"
            role="gridcell"
          >
            Nov 19, 2022
          </td>
          <td
            class="emotion-21"
            role="gridcell"
          >
            MainNet
          </td>
          <td
            class="emotion-21"
            role="gridcell"
          >
            <span
              class="emotion-27"
            >
              VERIFIED
            </span>
          </td>
          <td
            class="emotion-28"
            role="gridcell"
          >
            <div
              class="chakra-stack emotion-29"
            >
              <a
                class="chakra-button emotion-30"
                href=""
              >
                <svg
                  fill="currentColor"
                  font-size="24px"
                  height="1em"
                  stroke="currentColor"
                  stroke-width="0"
                  viewBox="0 0 16 16"
                  width="1em"
                  xmlns="http://www.w3.org/2000/svg"
                >
                  <path
                    d="M16 8s-3-5.5-8-5.5S0 8 0 8s3 5.5 8 5.5S16 8 16 8zM1.173 8a13.133 13.133 0 0 1 1.66-2.043C4.12 4.668 5.88 3.5 8 3.5c2.12 0 3.879 1.168 5.168 2.457A13.133 13.133 0 0 1 14.828 8c-.058.087-.122.183-.195.288-.335.48-.83 1.12-1.465 1.755C11.879 11.332 10.119 12.5 8 12.5c-2.12 0-3.879-1.168-5.168-2.457A13.134 13.134 0 0 1 1.172 8z"
                  />
                  <path
                    d="M8 5.5a2.5 2.5 0 1 0 0 5 2.5 2.5 0 0 0 0-5zM4.5 8a3.5 3.5 0 1 1 7 0 3.5 3.5 0 0 1-7 0z"
                  />
                </svg>
              </a>
            </div>
          </td>
        </tr>
        <tr
          class="emotion-11"
          role="row"
        >
          <td
            class="emotion-21"
            role="gridcell"
          >
            <span
              class="emotion-22"
            >
              Test Machine
            </span>
          </td>
          <td
            class="emotion-21"
            role="gridcell"
          >
            Mar 22, 2023
          </td>
          <td
            class="emotion-21"
            role="gridcell"
          >
            May 10, 2023
          </td>
          <td
            class="emotion-21"
            role="gridcell"
          >
            MainNet
          </td>
          <td
            class="emotion-21"
            role="gridcell"
          >
            <span
              class="emotion-27"
            >
              VERIFIED
            </span>
          </td>
          <td
            class="emotion-28"
            role="gridcell"
          >
            <div
              class="chakra-stack emotion-29"
            >
              <a
                class="chakra-button emotion-30"
                href=""
              >
                <svg
                  fill="currentColor"
                  font-size="24px"
                  height="1em"
                  stroke="currentColor"
                  stroke-width="0"
                  viewBox="0 0 16 16"
                  width="1em"
                  xmlns="http://www.w3.org/2000/svg"
                >
                  <path
                    d="M16 8s-3-5.5-8-5.5S0 8 0 8s3 5.5 8 5.5S16 8 16 8zM1.173 8a13.133 13.133 0 0 1 1.66-2.043C4.12 4.668 5.88 3.5 8 3.5c2.12 0 3.879 1.168 5.168 2.457A13.133 13.133 0 0 1 14.828 8c-.058.087-.122.183-.195.288-.335.48-.83 1.12-1.465 1.755C11.879 11.332 10.119 12.5 8 12.5c-2.12 0-3.879-1.168-5.168-2.457A13.134 13.134 0 0 1 1.172 8z"
                  />
                  <path
                    d="M8 5.5a2.5 2.5 0 1 0 0 5 2.5 2.5 0 0 0 0-5zM4.5 8a3.5 3.5 0 1 1 7 0 3.5 3.5 0 0 1-7 0z"
                  />
                </svg>
              </a>
            </div>
          </td>
        </tr>
        <tr
          class="emotion-11"
          role="row"
        >
          <td
            class="emotion-21"
            role="gridcell"
          >
            <span
              class="emotion-22"
            >
              New Coin Exchange
            </span>
          </td>
          <td
            class="emotion-21"
            role="gridcell"
          >
            Jan 20, 2023
          </td>
          <td
            class="emotion-21"
            role="gridcell"
          >
            Jun 18, 2023
          </td>
          <td
            class="emotion-21"
            role="gridcell"
          >
            MainNet
          </td>
          <td
            class="emotion-21"
            role="gridcell"
          >
            <span
              class="emotion-27"
            >
              VERIFIED
            </span>
          </td>
          <td
            class="emotion-28"
            role="gridcell"
          >
            <div
              class="chakra-stack emotion-29"
            >
              <a
                class="chakra-button emotion-30"
                href=""
              >
                <svg
                  fill="currentColor"
                  font-size="24px"
                  height="1em"
                  stroke="currentColor"
                  stroke-width="0"
                  viewBox="0 0 16 16"
                  width="1em"
                  xmlns="http://www.w3.org/2000/svg"
                >
                  <path
                    d="M16 8s-3-5.5-8-5.5S0 8 0 8s3 5.5 8 5.5S16 8 16 8zM1.173 8a13.133 13.133 0 0 1 1.66-2.043C4.12 4.668 5.88 3.5 8 3.5c2.12 0 3.879 1.168 5.168 2.457A13.133 13.133 0 0 1 14.828 8c-.058.087-.122.183-.195.288-.335.48-.83 1.12-1.465 1.755C11.879 11.332 10.119 12.5 8 12.5c-2.12 0-3.879-1.168-5.168-2.457A13.134 13.134 0 0 1 1.172 8z"
                  />
                  <path
                    d="M8 5.5a2.5 2.5 0 1 0 0 5 2.5 2.5 0 0 0 0-5zM4.5 8a3.5 3.5 0 1 1 7 0 3.5 3.5 0 0 1-7 0z"
                  />
                </svg>
              </a>
            </div>
          </td>
        </tr>
      </tbody>
    </table>
  </div>
</div>
`;
