// Jest Snapshot v1, https://goo.gl/fbAQLP

exports[`<MembershipGuide /> should match snapshot 1`] = `
.emotion-0 {
  display: -webkit-box;
  display: -webkit-flex;
  display: -ms-flexbox;
  display: flex;
  -webkit-box-pack: justify;
  -webkit-justify-content: space-between;
  justify-content: space-between;
  -webkit-flex-direction: column;
  -ms-flex-direction: column;
  flex-direction: column;
  min-width: 100%;
  margin: 0 auto;
  font-family: Open Sans;
  position: relative;
  min-height: 100vh;
}

.emotion-0>*:not(style)~*:not(style) {
  margin-top: 0px;
  -webkit-margin-end: 0px;
  margin-inline-end: 0px;
  margin-bottom: 0px;
  -webkit-margin-start: 0px;
  margin-inline-start: 0px;
}

.emotion-1 {
  display: -webkit-box;
  display: -webkit-flex;
  display: -ms-flexbox;
  display: flex;
  width: 100%;
  position: relative;
  background: var(--chakra-colors-transparent);
  box-shadow: var(--chakra-shadows-md);
  color: #55ACD8;
}

.emotion-2 {
  width: 100%;
  -webkit-margin-start: auto;
  margin-inline-start: auto;
  -webkit-margin-end: auto;
  margin-inline-end: auto;
  max-width: var(--chakra-sizes-5xl);
  -webkit-padding-start: 1rem;
  padding-inline-start: 1rem;
  -webkit-padding-end: 1rem;
  padding-inline-end: 1rem;
}

.emotion-3 {
  -webkit-flex-basis: 100%;
  -ms-flex-preferred-size: 100%;
  flex-basis: 100%;
}

@media screen and (min-width: 48em) {
  .emotion-3 {
    -webkit-flex-basis: auto;
    -ms-flex-preferred-size: auto;
    flex-basis: auto;
  }
}

.emotion-4 {
  display: -webkit-box;
  display: -webkit-flex;
  display: -ms-flexbox;
  display: flex;
  -webkit-align-items: center;
  -webkit-box-align: center;
  -ms-flex-align: center;
  align-items: center;
}

@media screen and (min-width: 48em) {
  .emotion-4 {
    -webkit-box-pack: justify;
    -webkit-justify-content: space-between;
    justify-content: space-between;
  }
}

.emotion-6 {
  transition-property: var(--chakra-transition-property-common);
  transition-duration: var(--chakra-transition-duration-fast);
  transition-timing-function: var(--chakra-transition-easing-ease-out);
  cursor: pointer;
  -webkit-text-decoration: none;
  text-decoration: none;
  outline: 2px solid transparent;
  outline-offset: 2px;
  color: inherit;
}

.emotion-6:hover,
.emotion-6[data-hover] {
  -webkit-text-decoration: underline;
  text-decoration: underline;
}

.emotion-6:focus,
.emotion-6[data-focus] {
  outline: 2px solid transparent;
  outline-offset: 2px;
}

.emotion-6:active,
.emotion-6[data-active] {
  outline: 2px solid transparent;
  outline-offset: 2px;
}

.emotion-7 {
  object-fit: cover;
  height: 100px;
  -webkit-transform: translateX(-38px);
  -moz-transform: translateX(-38px);
  -ms-transform: translateX(-38px);
  transform: translateX(-38px);
  aspect-ratio: 2/1;
}

.emotion-8 {
  margin-left: auto;
  display: block;
}

@media screen and (min-width: 30em) {
  .emotion-8 {
    display: none;
  }
}

.emotion-9 {
  display: none;
  -webkit-align-items: center;
  -webkit-box-align: center;
  -ms-flex-align: center;
  align-items: center;
  -webkit-box-pack: end;
  -ms-flex-pack: end;
  -webkit-justify-content: flex-end;
  justify-content: flex-end;
  -webkit-flex-direction: row;
  -ms-flex-direction: row;
  flex-direction: row;
  margin-left: auto;
}

.emotion-9>*:not(style)~*:not(style) {
  margin-top: 0px;
  -webkit-margin-end: 0px;
  margin-inline-end: 0px;
  margin-bottom: 0px;
  -webkit-margin-start: 0.5rem;
  margin-inline-start: 0.5rem;
}

@media screen and (min-width: 30em) {
  .emotion-9 {
    display: -webkit-box;
    display: -webkit-flex;
    display: -ms-flexbox;
    display: flex;
  }
}

@media screen and (min-width: 48em) {
  .emotion-9 {
    margin-left: 0px;
  }
}

.emotion-10 {
  display: -webkit-box;
  display: -webkit-flex;
  display: -ms-flexbox;
  display: flex;
  -webkit-flex-direction: column;
  -ms-flex-direction: column;
  flex-direction: column;
  padding-right: var(--chakra-space-2);
}

.emotion-10>*:not(style)~*:not(style) {
  margin-top: 0.5rem;
  -webkit-margin-end: 0px;
  margin-inline-end: 0px;
  margin-bottom: 0px;
  -webkit-margin-start: 0px;
  margin-inline-start: 0px;
}

.emotion-11 {
  width: 100%;
  height: -webkit-fit-content;
  height: -moz-fit-content;
  height: fit-content;
  position: relative;
  margin-left: var(--chakra-space-2);
}

.emotion-12 {
  -webkit-padding-end: 2rem;
  padding-inline-end: 2rem;
  width: 100%;
  min-width: 0px;
  outline: 2px solid transparent;
  outline-offset: 2px;
  position: relative;
  -webkit-appearance: none;
  -moz-appearance: none;
  -ms-appearance: none;
  appearance: none;
  transition-property: var(--chakra-transition-property-common);
  transition-duration: var(--chakra-transition-duration-normal);
  background: inherit;
  padding-bottom: 1px;
  line-height: var(--chakra-lineHeights-normal);
  font-size: var(--chakra-fontSizes-md);
  -webkit-padding-start: var(--chakra-space-4);
  padding-inline-start: var(--chakra-space-4);
  height: var(--chakra-sizes-10);
  border-radius: var(--chakra-radii-md);
  border: 1px solid;
  border-color: inherit;
}

.emotion-12>option,
.emotion-12>optgroup {
  background: var(--chakra-colors-white);
}

.emotion-12:hover,
.emotion-12[data-hover] {
  border-color: var(--chakra-colors-gray-300);
}

.emotion-12[aria-readonly=true],
.emotion-12[readonly],
.emotion-12[data-readonly] {
  box-shadow: none!important;
  -webkit-user-select: all;
  -moz-user-select: all;
  -ms-user-select: all;
  user-select: all;
}

.emotion-12[disabled],
.emotion-12[aria-disabled=true],
.emotion-12[data-disabled] {
  opacity: 0.4;
  cursor: not-allowed;
}

.emotion-12[aria-invalid=true],
.emotion-12[data-invalid] {
  border-color: #E53E3E;
  box-shadow: 0 0 0 1px #E53E3E;
}

.emotion-12:focus,
.emotion-12[data-focus] {
  z-index: unset;
  border-color: #3182ce;
  box-shadow: 0 0 0 1px #3182ce;
}

.emotion-13 {
  width: 1.5rem;
  height: 100%;
  right: 0.5rem;
  position: absolute;
  color: currentColor;
  font-size: 1.25rem;
  display: -webkit-inline-box;
  display: -webkit-inline-flex;
  display: -ms-inline-flexbox;
  display: inline-flex;
  -webkit-align-items: center;
  -webkit-box-align: center;
  -ms-flex-align: center;
  align-items: center;
  -webkit-box-pack: center;
  -ms-flex-pack: center;
  -webkit-justify-content: center;
  justify-content: center;
  pointer-events: none;
  top: 50%;
  -webkit-transform: translateY(-50%);
  -moz-transform: translateY(-50%);
  -ms-transform: translateY(-50%);
  transform: translateY(-50%);
}

.emotion-13[disabled],
.emotion-13[aria-disabled=true],
.emotion-13[data-disabled] {
  opacity: 0.5;
}

.emotion-14 {
  margin-bottom: var(--chakra-space-4);
  margin-right: var(--chakra-space-2);
  -webkit-padding-start: var(--chakra-space-2);
  padding-inline-start: var(--chakra-space-2);
  -webkit-padding-end: var(--chakra-space-2);
  padding-inline-end: var(--chakra-space-2);
  padding-left: 0px;
  display: block;
}

@media screen and (min-width: 30em) {
  .emotion-14 {
    margin-bottom: 0px;
    margin-right: var(--chakra-space-2);
  }
}

.emotion-18 {
  display: -webkit-box;
  display: -webkit-flex;
  display: -ms-flexbox;
  display: flex;
  -webkit-flex-direction: column;
  -ms-flex-direction: column;
  flex-direction: column;
}

.emotion-18>*:not(style)~*:not(style) {
  margin-top: 0.5rem;
  -webkit-margin-end: 0px;
  margin-inline-end: 0px;
  margin-bottom: 0px;
  -webkit-margin-start: 0px;
  margin-inline-start: 0px;
}

.emotion-19 {
  display: -webkit-inline-box;
  display: -webkit-inline-flex;
  display: -ms-inline-flexbox;
  display: inline-flex;
  -webkit-appearance: none;
  -moz-appearance: none;
  -ms-appearance: none;
  appearance: none;
  -webkit-align-items: center;
  -webkit-box-align: center;
  -ms-flex-align: center;
  align-items: center;
  -webkit-box-pack: center;
  -ms-flex-pack: center;
  -webkit-justify-content: center;
  justify-content: center;
  -webkit-user-select: none;
  -moz-user-select: none;
  -ms-user-select: none;
  user-select: none;
  position: relative;
  white-space: nowrap;
  vertical-align: middle;
  outline: 2px solid transparent;
  outline-offset: 2px;
  width: auto;
  line-height: 1.2;
  border-radius: var(--chakra-radii-md);
  font-weight: var(--chakra-fontWeights-semibold);
  transition-property: var(--chakra-transition-property-common);
  transition-duration: var(--chakra-transition-duration-normal);
  height: var(--chakra-sizes-10);
  min-width: var(--chakra-sizes-10);
  font-size: var(--chakra-fontSizes-md);
  -webkit-padding-start: var(--chakra-space-4);
  padding-inline-start: var(--chakra-space-4);
  -webkit-padding-end: var(--chakra-space-4);
  padding-inline-end: var(--chakra-space-4);
}

.emotion-19:focus,
.emotion-19[data-focus] {
  box-shadow: var(--chakra-shadows-outline);
}

.emotion-19[disabled],
.emotion-19[aria-disabled=true],
.emotion-19[data-disabled] {
  opacity: 0.4;
  cursor: not-allowed;
  box-shadow: var(--chakra-shadows-none);
}

.emotion-19:hover[disabled],
.emotion-19[data-hover][disabled],
.emotion-19:hover[aria-disabled=true],
.emotion-19[data-hover][aria-disabled=true],
.emotion-19:hover[data-disabled],
.emotion-19[data-hover][data-disabled] {
  background: initial;
}

.emotion-20 {
  display: -webkit-box;
  display: -webkit-flex;
  display: -ms-flexbox;
  display: flex;
  -webkit-flex-direction: column;
  -ms-flex-direction: column;
  flex-direction: column;
  -webkit-box-flex: 1;
  -webkit-flex-grow: 1;
  -ms-flex-positive: 1;
  flex-grow: 1;
}

.emotion-20>*:not(style)~*:not(style) {
  margin-top: 0.5rem;
  -webkit-margin-end: 0px;
  margin-inline-end: 0px;
  margin-bottom: 0px;
  -webkit-margin-start: 0px;
  margin-inline-start: 0px;
}

.emotion-21 {
  display: -webkit-box;
  display: -webkit-flex;
  display: -ms-flexbox;
  display: flex;
  -webkit-flex-direction: column;
  -ms-flex-direction: column;
  flex-direction: column;
}

.emotion-21>*:not(style)~*:not(style) {
  margin-top: var(--chakra-space-3);
  -webkit-margin-end: 0px;
  margin-inline-end: 0px;
  margin-bottom: 0px;
  -webkit-margin-start: 0px;
  margin-inline-start: 0px;
}

.emotion-22 {
  width: 100%;
  display: -webkit-box;
  display: -webkit-flex;
  display: -ms-flexbox;
  display: flex;
  -webkit-align-items: center;
  -webkit-box-align: center;
  -ms-flex-align: center;
  align-items: center;
  position: relative;
  overflow: hidden;
  -webkit-padding-start: var(--chakra-space-4);
  padding-inline-start: var(--chakra-space-4);
  -webkit-padding-end: var(--chakra-space-4);
  padding-inline-end: var(--chakra-space-4);
  padding-top: var(--chakra-space-5);
  padding-bottom: var(--chakra-space-5);
  background: #bee3f8;
  -webkit-box-pack: center;
  -ms-flex-pack: center;
  -webkit-justify-content: center;
  justify-content: center;
  font-size: var(--chakra-fontSizes-lg);
  background-color: #BEE3F8;
}

.emotion-23 {
  -webkit-flex-shrink: 0;
  -ms-flex-negative: 0;
  flex-shrink: 0;
  -webkit-margin-end: var(--chakra-space-3);
  margin-inline-end: var(--chakra-space-3);
  width: var(--chakra-sizes-5);
  height: var(--chakra-sizes-6);
  color: var(--chakra-colors-blue-500);
  display: inherit;
}

.emotion-24 {
  width: 100%;
  height: 100%;
  display: inline-block;
  line-height: 1em;
  -webkit-flex-shrink: 0;
  -ms-flex-negative: 0;
  flex-shrink: 0;
  color: currentColor;
  vertical-align: middle;
}

.emotion-25 {
  display: inline;
  line-height: var(--chakra-lineHeights-6);
  font-weight: var(--chakra-fontWeights-semibold);
}

.emotion-26 {
  transition-property: var(--chakra-transition-property-common);
  transition-duration: var(--chakra-transition-duration-fast);
  transition-timing-function: var(--chakra-transition-easing-ease-out);
  cursor: pointer;
  -webkit-text-decoration: none;
  text-decoration: none;
  outline: 2px solid transparent;
  outline-offset: 2px;
  color: inherit;
}

.emotion-26:hover,
.emotion-26[data-hover] {
  -webkit-text-decoration: underline;
  text-decoration: underline;
}

.emotion-26:focus,
.emotion-26[data-focus] {
  box-shadow: var(--chakra-shadows-outline);
}

.emotion-27 {
  display: -webkit-box;
  display: -webkit-flex;
  display: -ms-flexbox;
  display: flex;
  -webkit-flex-direction: column;
  -ms-flex-direction: column;
  flex-direction: column;
  -webkit-box-pack: center;
  -ms-flex-pack: center;
  -webkit-justify-content: center;
  justify-content: center;
  background-image: linear-gradient(90.17deg, rgba(35, 167, 224, 0.85) 3.85%, rgba(27, 206, 159, 0.55) 96.72%);
  color: var(--chakra-colors-white);
  width: 100%;
  min-height: 286px;
  padding-top: var(--chakra-space-12);
  padding-bottom: var(--chakra-space-12);
  font-size: var(--chakra-fontSizes-xl);
}

@media screen and (min-width: 48em) {
  .emotion-27 {
    padding-top: var(--chakra-space-16);
    padding-bottom: var(--chakra-space-16);
  }
}

.emotion-28 {
  display: -webkit-box;
  display: -webkit-flex;
  display: -ms-flexbox;
  display: flex;
  -webkit-flex-direction: column;
  -ms-flex-direction: column;
  flex-direction: column;
  text-align: center;
  color: var(--chakra-colors-white);
}

.emotion-28>*:not(style)~*:not(style) {
  margin-top: var(--chakra-space-3);
  -webkit-margin-end: 0px;
  margin-inline-end: 0px;
  margin-bottom: 0px;
  -webkit-margin-start: 0px;
  margin-inline-start: 0px;
}

.emotion-29 {
  display: -webkit-box;
  display: -webkit-flex;
  display: -ms-flexbox;
  display: flex;
  -webkit-align-items: center;
  -webkit-box-align: center;
  -ms-flex-align: center;
  align-items: center;
  -webkit-flex-direction: column;
  -ms-flex-direction: column;
  flex-direction: column;
}

.emotion-29>*:not(style)~*:not(style) {
  margin-top: var(--chakra-space-1);
  -webkit-margin-end: 0px;
  margin-inline-end: 0px;
  margin-bottom: 0px;
  -webkit-margin-start: 0px;
  margin-inline-start: 0px;
}

.emotion-30 {
  font-family: Open Sans,sans-serif!important;
  font-weight: 700;
  line-height: 1.33;
  color: #fff;
}

@media screen and (min-width: 30em) {
  .emotion-30 {
    font-size: var(--chakra-fontSizes-2xl);
  }
}

@media screen and (min-width: 48em) {
  .emotion-30 {
    font-size: var(--chakra-fontSizes-4xl);
    line-height: 1.2;
  }
}

.emotion-31 {
  margin-top: var(--chakra-space-2);
}

.emotion-33 {
  display: -webkit-box;
  display: -webkit-flex;
  display: -ms-flexbox;
  display: flex;
  -webkit-align-items: center;
  -webkit-box-align: center;
  -ms-flex-align: center;
  align-items: center;
  -webkit-box-pack: center;
  -ms-flex-pack: center;
  -webkit-justify-content: center;
  justify-content: center;
  -webkit-flex-direction: column;
  -ms-flex-direction: column;
  flex-direction: column;
  -webkit-align-content: center;
  -ms-flex-line-pack: center;
  align-content: center;
  padding-top: 2rem;
  padding-bottom: 2rem;
  -webkit-box-flex: 1;
  -webkit-flex-grow: 1;
  -ms-flex-positive: 1;
  flex-grow: 1;
  margin-top: 2rem!important;
  margin-bottom: 2rem!important;
}

.emotion-33>*:not(style)~*:not(style) {
  margin-top: var(--chakra-space-10);
  -webkit-margin-end: 0px;
  margin-inline-end: 0px;
  margin-bottom: 0px;
  -webkit-margin-start: 0px;
  margin-inline-start: 0px;
}

@media screen and (min-width: 48em) {
  .emotion-33 {
    -webkit-align-items: stretch;
    -webkit-box-align: stretch;
    -ms-flex-align: stretch;
    align-items: stretch;
    -webkit-flex-direction: row;
    -ms-flex-direction: row;
    flex-direction: row;
  }

  .emotion-33>*:not(style)~*:not(style) {
    margin-top: 0px;
    -webkit-margin-end: 0px;
    margin-inline-end: 0px;
    margin-bottom: 0px;
    -webkit-margin-start: var(--chakra-space-10);
    margin-inline-start: var(--chakra-space-10);
  }
}

@media screen and (min-width: 62em) {
  .emotion-33 {
    margin-top: 3rem!important;
    margin-bottom: 3rem!important;
  }
}

.emotion-34 {
  text-align: center;
  width: 100%;
  max-width: 300px;
  min-height: 100%;
}

.emotion-35 {
  display: -webkit-box;
  display: -webkit-flex;
  display: -ms-flexbox;
  display: flex;
  -webkit-flex-direction: column;
  -ms-flex-direction: column;
  flex-direction: column;
  gap: 1rem;
  background-color: #E5EDF1;
  padding: 1rem;
  height: 100%;
}

.emotion-35>*:not(style)~*:not(style) {
  margin-top: 0.5rem;
  -webkit-margin-end: 0px;
  margin-inline-end: 0px;
  margin-bottom: 0px;
  -webkit-margin-start: 0px;
  margin-inline-start: 0px;
}

.emotion-36 {
  display: -webkit-box;
  display: -webkit-flex;
  display: -ms-flexbox;
  display: flex;
  -webkit-align-items: center;
  -webkit-box-align: center;
  -ms-flex-align: center;
  align-items: center;
  -webkit-flex-direction: column;
  -ms-flex-direction: column;
  flex-direction: column;
}

.emotion-36>*:not(style)~*:not(style) {
  margin-top: 0.5rem;
  -webkit-margin-end: 0px;
  margin-inline-end: 0px;
  margin-bottom: 0px;
  -webkit-margin-start: 0px;
  margin-inline-start: 0px;
}

.emotion-37 {
  text-align: center;
  font-size: var(--chakra-fontSizes-xl);
  text-transform: capitalize;
}

.emotion-38 {
  font-weight: var(--chakra-fontWeights-bold);
  text-transform: capitalize;
}

.emotion-40 {
  margin-top: auto!important;
}

.emotion-41 {
  display: inline-block;
  -webkit-appearance: none;
  -moz-appearance: none;
  -ms-appearance: none;
  appearance: none;
  -webkit-align-items: center;
  -webkit-box-align: center;
  -ms-flex-align: center;
  align-items: center;
  -webkit-box-pack: center;
  -ms-flex-pack: center;
  -webkit-justify-content: center;
  justify-content: center;
  -webkit-user-select: none;
  -moz-user-select: none;
  -ms-user-select: none;
  user-select: none;
  position: relative;
  white-space: nowrap;
  vertical-align: middle;
  outline: 2px solid transparent;
  outline-offset: 2px;
  width: auto;
  line-height: 1.2;
  border-radius: 0px;
  font-weight: var(--chakra-fontWeights-semibold);
  transition-property: var(--chakra-transition-property-common);
  transition-duration: var(--chakra-transition-duration-normal);
  height: var(--chakra-sizes-10);
  min-width: var(--chakra-sizes-10);
  font-size: var(--chakra-fontSizes-md);
  -webkit-padding-start: var(--chakra-space-4);
  padding-inline-start: var(--chakra-space-4);
  -webkit-padding-end: var(--chakra-space-4);
  padding-inline-end: var(--chakra-space-4);
  background: var(--chakra-colors-gray-100);
  border: 1px solid #221F1F;
  text-transform: capitalize;
}

.emotion-41:focus,
.emotion-41[data-focus] {
  box-shadow: var(--chakra-shadows-outline);
}

.emotion-41[disabled],
.emotion-41[aria-disabled=true],
.emotion-41[data-disabled] {
  opacity: 0.4;
  cursor: not-allowed;
  box-shadow: var(--chakra-shadows-none);
}

.emotion-41:hover,
.emotion-41[data-hover] {
  background: var(--chakra-colors-gray-200);
}

.emotion-41:hover[disabled],
.emotion-41[data-hover][disabled],
.emotion-41:hover[aria-disabled=true],
.emotion-41[data-hover][aria-disabled=true],
.emotion-41:hover[data-disabled],
.emotion-41[data-hover][data-disabled] {
  background: var(--chakra-colors-gray-100);
}

.emotion-41:active,
.emotion-41[data-active] {
  background: var(--chakra-colors-gray-300);
}

.emotion-58 {
  display: -webkit-box;
  display: -webkit-flex;
  display: -ms-flexbox;
  display: flex;
  -webkit-align-items: center;
  -webkit-box-align: center;
  -ms-flex-align: center;
  align-items: center;
  -webkit-box-pack: center;
  -ms-flex-pack: center;
  -webkit-justify-content: center;
  justify-content: center;
  -webkit-flex-direction: column;
  -ms-flex-direction: column;
  flex-direction: column;
  background: #5B5858;
  color: var(--chakra-colors-white);
  width: 100%;
  padding: var(--chakra-space-4);
}

.emotion-58>*:not(style)~*:not(style) {
  margin-top: 0.5rem;
  -webkit-margin-end: 0px;
  margin-inline-end: 0px;
  margin-bottom: 0px;
  -webkit-margin-start: 0px;
  margin-inline-start: 0px;
}

.emotion-59 {
  display: -webkit-box;
  display: -webkit-flex;
  display: -ms-flexbox;
  display: flex;
  -webkit-box-flex-wrap: wrap;
  -webkit-flex-wrap: wrap;
  -ms-flex-wrap: wrap;
  flex-wrap: wrap;
  width: 100%;
}

.emotion-60 {
  width: 100%;
  text-align: center;
  color: var(--chakra-colors-white);
  font-size: var(--chakra-fontSizes-sm);
}

.emotion-61 {
  transition-property: var(--chakra-transition-property-common);
  transition-duration: var(--chakra-transition-duration-fast);
  transition-timing-function: var(--chakra-transition-easing-ease-out);
  cursor: pointer;
  -webkit-text-decoration: none;
  text-decoration: none;
  outline: 2px solid transparent;
  outline-offset: 2px;
  color: #1BCE9F;
}

.emotion-61:hover,
.emotion-61[data-hover] {
  -webkit-text-decoration: underline;
  text-decoration: underline;
}

.emotion-61:focus,
.emotion-61[data-focus] {
  box-shadow: var(--chakra-shadows-outline);
}

<div>
  <div
    class="chakra-stack emotion-0"
  >
    <div
      class="emotion-1"
    >
      <div
        class="chakra-container emotion-2"
      >
        <div
          class="emotion-3"
        >
          <div
            class="emotion-4"
          >
            <div
              class="emotion-5"
            >
              <a
                aria-current="page"
                class="active"
                href="/"
              >
                <a
                  class="chakra-link emotion-6"
                >
                  <img
                    alt="Trisa logo"
                    class="emotion-7"
                    src="TRISA-GDS-black.png"
                  />
                </a>
              </a>
            </div>
            <div
              class="emotion-8"
            >
              <svg
                viewBox="0 0 20 20"
                width="24px"
                xmlns="http://www.w3.org/2000/svg"
              >
                <title>
                  Menu
                </title>
                <path
                  d="M0 3h20v2H0V3zm0 6h20v2H0V9zm0 6h20v2H0v-2z"
                  fill="black"
                />
              </svg>
            </div>
            <div
              class="chakra-stack emotion-9"
            >
              <div
                class="chakra-stack emotion-10"
              >
                <div
                  class="chakra-select__wrapper emotion-11"
                >
                  <select
                    class="chakra-select emotion-12"
                  >
                    <option
                      value="en"
                    >
                      🇺🇸 EN
                    </option>
                    <option
                      value="fr"
                    >
                      🇫🇷 FR
                    </option>
                    <option
                      value="de"
                    >
                      🇩🇪 DE
                    </option>
                    <option
                      value="zh"
                    >
                      🇨🇳 ZH
                    </option>
                    <option
                      value="ja"
                    >
                      🇯🇵 JA
                    </option>
                  </select>
                  <div
                    class="chakra-select__icon-wrapper emotion-13"
                  >
                    <svg
                      aria-hidden="true"
                      class="chakra-select__icon"
                      focusable="false"
                      role="presentation"
                      style="width: 1em; height: 1em; color: currentColor;"
                      viewBox="0 0 24 24"
                    >
                      <path
                        d="M16.59 8.59L12 13.17 7.41 8.59 6 10l6 6 6-6z"
                        fill="currentColor"
                      />
                    </svg>
                  </div>
                </div>
              </div>
              <div
                class="chakra-text emotion-14"
                data-testid="about"
              >
                <a
                  class="chakra-link emotion-6"
                  href="https://travelrule.io"
                  rel="noopener"
                  target="_blank"
                >
                  About TRISA
                </a>
              </div>
              <div
                class="chakra-text emotion-14"
                data-testid="documentation"
              >
                <a
                  class="chakra-link emotion-6"
                  href="https://trisa.dev/en"
                  rel="noopener"
                  target="_blank"
                >
                  Documentation
                </a>
              </div>
              <div
                class="chakra-stack emotion-18"
              >
                <a
                  class=""
                  href="/auth/login"
                >
                  <button
                    class="chakra-button emotion-19"
                    data-cy="nav-login-bttn"
                    type="button"
                  >
                    Login
                  </button>
                </a>
              </div>
            </div>
          </div>
        </div>
      </div>
    </div>
    <div
      class="chakra-stack emotion-20"
    >
      <div
        class="chakra-stack emotion-21"
      >
        <div
          class="chakra-alert emotion-22"
          role="alert"
        >
          <span
            class="chakra-alert__icon emotion-23"
          >
            <svg
              class="chakra-icon emotion-24"
              focusable="false"
              viewBox="0 0 24 24"
            >
              <path
                d="M12,0A12,12,0,1,0,24,12,12.013,12.013,0,0,0,12,0Zm.25,5a1.5,1.5,0,1,1-1.5,1.5A1.5,1.5,0,0,1,12.25,5ZM14.5,18.5h-4a1,1,0,0,1,0-2h.75a.25.25,0,0,0,.25-.25v-4.5a.25.25,0,0,0-.25-.25H10.5a1,1,0,0,1,0-2h1a2,2,0,0,1,2,2v4.75a.25.25,0,0,0,.25.25h.75a1,1,0,1,1,0,2Z"
                fill="currentColor"
              />
            </svg>
          </span>
          <div
            class="chakra-alert__desc emotion-25"
          >
            <a
              class="chakra-link emotion-26"
              href="https://calendar.app.google/FBg7GTmgDfeMbUMT9"
              rel="noopener"
              target="_blank"
            >
              Schedule a demo of Envoy, TRISA's open source solution for cost-effective Travel Rule compliance.
            </a>
          </div>
        </div>
      </div>
      <div
        class="emotion-27"
        style="margin-top: 0px;"
      >
        <div
          class="chakra-stack emotion-28"
        >
          <div
            class="chakra-stack emotion-29"
          >
            <h2
              class="chakra-heading emotion-30"
            >
              Welcome to TRISA’s network of Certified VASPs.
            </h2>
            <p
              class="chakra-text emotion-31"
            >
              Learn about the three-step process to become a member and verified VASP.
            </p>
            <p
              class="chakra-text emotion-31"
            >
              Create your account today.
            </p>
          </div>
        </div>
      </div>
      <div
        class="chakra-stack emotion-33"
      >
        <div
          class="emotion-34"
        >
          <div
            class="chakra-stack emotion-35"
          >
            <div
              class="chakra-stack emotion-36"
            >
              <p
                class="chakra-text emotion-37"
                data-testid="step"
              >
                Step
                1
              </p>
              <p
                class="chakra-text emotion-38"
                data-testid="header"
              >
                create your account
              </p>
              <p
                class="chakra-text emotion-5"
                data-testid="description"
              >
                Create your TRISA account with your VASP email address. Add collaborators in your organization.
              </p>
            </div>
            <div
              class="emotion-40"
            >
              <a
                class=""
                href="/auth/register"
              >
                <button
                  class="chakra-button emotion-41"
                  type="button"
                >
                  Create Account
                </button>
              </a>
            </div>
          </div>
        </div>
        <div
          class="emotion-34"
        >
          <div
            class="chakra-stack emotion-35"
          >
            <div
              class="chakra-stack emotion-36"
            >
              <p
                class="chakra-text emotion-37"
                data-testid="step"
              >
                Step
                2
              </p>
              <p
                class="chakra-text emotion-38"
                data-testid="header"
              >
                complete VASP verification
              </p>
              <p
                class="chakra-text emotion-5"
                data-testid="description"
              >
                Complete the multi-part TRISA verification form and due diligence process. Once approved, gain access to the Testnet and MainNet.
              </p>
            </div>
            <div
              class="emotion-40"
            >
              <a
                class=""
                href="/getting-started"
              >
                <button
                  class="chakra-button emotion-41"
                  type="button"
                >
                  Learn More
                </button>
              </a>
            </div>
          </div>
        </div>
        <div
          class="emotion-34"
        >
          <div
            class="chakra-stack emotion-35"
          >
            <div
              class="chakra-stack emotion-36"
            >
              <p
                class="chakra-text emotion-37"
                data-testid="step"
              >
                Step
                3
              </p>
              <p
                class="chakra-text emotion-38"
                data-testid="header"
              >
                Integrate and Comply
              </p>
              <p
                class="chakra-text emotion-5"
                data-testid="description"
              >
                Set up your TRISA node or integrate with a 3rd-party Travel Rule solution. Complete testing and move to production.
              </p>
            </div>
            <div
              class="emotion-40"
            >
              <a
                class=""
                href="/comply"
              >
                <button
                  class="chakra-button emotion-41"
                  type="button"
                >
                  Learn More
                </button>
              </a>
            </div>
          </div>
        </div>
      </div>
    </div>
    <footer
      style="width: 100%;"
    >
      <div
        class="chakra-stack emotion-58"
      >
        <div
          class="emotion-59"
        >
          <p
            class="chakra-text emotion-60"
          >
            A component of

            <a
              class="chakra-link emotion-61"
              href="https://travelrule.io"
              rel="noopener"
              target="_blank"
            >
              the TRISA architecture
            </a>

            for Cryptocurrency Travel Rule compliance.
          </p>
          <p
            class="chakra-text emotion-60"
          >
            Created and maintained by

            <a
              class="chakra-link emotion-61"
              href="https://rotational.io"
              rel="noopener"
              target="_blank"
            >

              Rotational Labs
            </a>

            on behalf of

            <a
              class="chakra-link emotion-61"
              href="https://travelrule.io"
              rel="noopener"
              target="_blank"
            >
              TRISA
            </a>

          </p>
        </div>
      </div>
    </footer>
  </div>
</div>
`;
