// Jest Snapshot v1, https://goo.gl/fbAQLP

exports[`AddCollaboratorForm should render 1`] = `
.emotion-1 {
  display: -webkit-box;
  display: -webkit-flex;
  display: -ms-flexbox;
  display: flex;
  -webkit-align-items: center;
  -webkit-box-align: center;
  -ms-flex-align: center;
  align-items: center;
  -webkit-flex-direction: column;
  -ms-flex-direction: column;
  flex-direction: column;
  margin-bottom: var(--chakra-space-5);
}

.emotion-1>*:not(style)~*:not(style) {
  margin-top: 0.5rem;
  -webkit-margin-end: 0px;
  margin-inline-end: 0px;
  margin-bottom: 0px;
  -webkit-margin-start: 0px;
  margin-inline-start: 0px;
}

.emotion-2 {
  font-weight: var(--chakra-fontWeights-bold);
}

.emotion-3 {
  font-size: var(--chakra-fontSizes-sm);
}

.emotion-4 {
  display: -webkit-box;
  display: -webkit-flex;
  display: -ms-flexbox;
  display: flex;
  -webkit-flex-direction: column;
  -ms-flex-direction: column;
  flex-direction: column;
}

.emotion-4>*:not(style)~*:not(style) {
  margin-top: 0.5rem;
  -webkit-margin-end: 0px;
  margin-inline-end: 0px;
  margin-bottom: 0px;
  -webkit-margin-start: 0px;
  margin-inline-start: 0px;
}

.emotion-7 {
  display: -webkit-box;
  display: -webkit-flex;
  display: -ms-flexbox;
  display: flex;
  -webkit-flex-direction: column;
  -ms-flex-direction: column;
  flex-direction: column;
  padding-top: var(--chakra-space-5);
  padding-bottom: var(--chakra-space-5);
}

.emotion-7>*:not(style)~*:not(style) {
  margin-top: 0.5rem;
  -webkit-margin-end: 0px;
  margin-inline-end: 0px;
  margin-bottom: 0px;
  -webkit-margin-start: 0px;
  margin-inline-start: 0px;
}

.emotion-8 {
  width: 100%;
  position: relative;
}

.emotion-9 {
  display: block;
  text-align: start;
  font-size: var(--chakra-fontSizes-md);
  -webkit-margin-end: var(--chakra-space-3);
  margin-inline-end: var(--chakra-space-3);
  margin-bottom: var(--chakra-space-2);
  font-weight: var(--chakra-fontWeights-medium);
  transition-property: var(--chakra-transition-property-common);
  transition-duration: var(--chakra-transition-duration-normal);
  opacity: 1;
}

.emotion-9[disabled],
.emotion-9[aria-disabled=true],
.emotion-9[data-disabled] {
  opacity: 0.4;
}

.emotion-10 {
  font-weight: 700;
}

.emotion-11 {
  width: 100%;
  display: -webkit-box;
  display: -webkit-flex;
  display: -ms-flexbox;
  display: flex;
  position: relative;
}

.emotion-12 {
  width: 100%;
  min-width: 0px;
  outline: 2px solid transparent;
  outline-offset: 2px;
  position: relative;
  -webkit-appearance: none;
  -moz-appearance: none;
  -ms-appearance: none;
  appearance: none;
  transition-property: var(--chakra-transition-property-common);
  transition-duration: var(--chakra-transition-duration-normal);
  font-size: var(--chakra-fontSizes-md);
  -webkit-padding-start: var(--chakra-space-4);
  padding-inline-start: var(--chakra-space-4);
  -webkit-padding-end: var(--chakra-space-4);
  padding-inline-end: var(--chakra-space-4);
  height: var(--chakra-sizes-10);
  border-radius: 0px;
  border: 1px solid;
  border-color: inherit;
  background: #E3EBEF;
}

.emotion-12:hover,
.emotion-12[data-hover] {
  border-color: var(--chakra-colors-gray-300);
}

.emotion-12[aria-readonly=true],
.emotion-12[readonly],
.emotion-12[data-readonly] {
  box-shadow: none!important;
  -webkit-user-select: all;
  -moz-user-select: all;
  -ms-user-select: all;
  user-select: all;
}

.emotion-12[disabled],
.emotion-12[aria-disabled=true],
.emotion-12[data-disabled] {
  opacity: 0.4;
  cursor: not-allowed;
}

.emotion-12[aria-invalid=true],
.emotion-12[data-invalid] {
  border-color: #E53E3E;
  box-shadow: 0 0 0 1px #E53E3E;
}

.emotion-12:focus,
.emotion-12[data-focus] {
  z-index: 1;
  border-color: #3182ce;
  box-shadow: 0 0 0 1px #3182ce;
}

.emotion-13 {
  margin-top: var(--chakra-space-2);
  color: var(--chakra-colors-gray-500);
  line-height: var(--chakra-lineHeights-normal);
  font-size: var(--chakra-fontSizes-sm);
}

.emotion-22 {
  cursor: pointer;
  display: -webkit-inline-box;
  display: -webkit-inline-flex;
  display: -ms-inline-flexbox;
  display: inline-flex;
  -webkit-align-items: center;
  -webkit-box-align: center;
  -ms-flex-align: center;
  align-items: center;
  vertical-align: top;
  position: relative;
  margin-top: var(--chakra-space-2);
  margin-bottom: var(--chakra-space-4);
  border-color: var(--chakra-colors-black);
}

.emotion-22[disabled],
.emotion-22[aria-disabled=true],
.emotion-22[data-disabled] {
  cursor: not-allowed;
}

.emotion-23 {
  width: var(--chakra-sizes-4);
  transition-property: box-shadow;
  transition-duration: var(--chakra-transition-duration-normal);
  border: 2px solid;
  border-radius: var(--chakra-radii-sm);
  border-color: inherit;
  color: var(--chakra-colors-white);
  height: var(--chakra-sizes-4);
  display: -webkit-inline-box;
  display: -webkit-inline-flex;
  display: -ms-inline-flexbox;
  display: inline-flex;
  -webkit-align-items: center;
  -webkit-box-align: center;
  -ms-flex-align: center;
  align-items: center;
  -webkit-box-pack: center;
  -ms-flex-pack: center;
  -webkit-justify-content: center;
  justify-content: center;
  vertical-align: top;
  -webkit-user-select: none;
  -moz-user-select: none;
  -ms-user-select: none;
  user-select: none;
  -webkit-flex-shrink: 0;
  -ms-flex-negative: 0;
  flex-shrink: 0;
}

.emotion-23[aria-checked=true],
.emotion-23[data-checked] {
  background: var(--chakra-colors-gray-500);
  border-color: var(--chakra-colors-gray-500);
  color: var(--chakra-colors-white);
}

.emotion-23[aria-checked=true]:hover,
.emotion-23[data-checked]:hover,
.emotion-23[aria-checked=true][data-hover],
.emotion-23[data-checked][data-hover] {
  background: var(--chakra-colors-gray-600);
  border-color: var(--chakra-colors-gray-600);
}

.emotion-23[aria-checked=true][disabled],
.emotion-23[data-checked][disabled],
.emotion-23[aria-checked=true][aria-disabled=true],
.emotion-23[data-checked][aria-disabled=true],
.emotion-23[aria-checked=true][data-disabled],
.emotion-23[data-checked][data-disabled] {
  border-color: var(--chakra-colors-gray-200);
  background: var(--chakra-colors-gray-200);
  color: var(--chakra-colors-gray-500);
}

.emotion-23:indeterminate,
.emotion-23[aria-checked=mixed],
.emotion-23[data-indeterminate] {
  background: var(--chakra-colors-gray-500);
  border-color: var(--chakra-colors-gray-500);
  color: var(--chakra-colors-white);
}

.emotion-23[disabled],
.emotion-23[aria-disabled=true],
.emotion-23[data-disabled] {
  background: var(--chakra-colors-gray-100);
  border-color: var(--chakra-colors-gray-100);
}

.emotion-23:focus,
.emotion-23[data-focus] {
  box-shadow: var(--chakra-shadows-outline);
}

.emotion-23[aria-invalid=true],
.emotion-23[data-invalid] {
  border-color: var(--chakra-colors-red-500);
}

.emotion-24 {
  -webkit-margin-start: 0.5rem;
  margin-inline-start: 0.5rem;
  -webkit-user-select: none;
  -moz-user-select: none;
  -ms-user-select: none;
  user-select: none;
  font-size: var(--chakra-fontSizes-md);
}

.emotion-24[disabled],
.emotion-24[aria-disabled=true],
.emotion-24[data-disabled] {
  opacity: 0.4;
}

.emotion-26 {
  display: -webkit-box;
  display: -webkit-flex;
  display: -ms-flexbox;
  display: flex;
  -webkit-flex-direction: column;
  -ms-flex-direction: column;
  flex-direction: column;
  gap: var(--chakra-space-3);
  padding-top: var(--chakra-space-5);
  padding-bottom: var(--chakra-space-5);
}

.emotion-26>*:not(style)~*:not(style) {
  margin-top: 0.5rem;
  -webkit-margin-end: 0px;
  margin-inline-end: 0px;
  margin-bottom: 0px;
  -webkit-margin-start: 0px;
  margin-inline-start: 0px;
}

.emotion-27 {
  display: -webkit-inline-box;
  display: -webkit-inline-flex;
  display: -ms-inline-flexbox;
  display: inline-flex;
  -webkit-appearance: none;
  -moz-appearance: none;
  -ms-appearance: none;
  appearance: none;
  -webkit-align-items: center;
  -webkit-box-align: center;
  -ms-flex-align: center;
  align-items: center;
  -webkit-box-pack: center;
  -ms-flex-pack: center;
  -webkit-justify-content: center;
  justify-content: center;
  -webkit-user-select: none;
  -moz-user-select: none;
  -ms-user-select: none;
  user-select: none;
  position: relative;
  white-space: nowrap;
  vertical-align: middle;
  outline: 2px solid transparent;
  outline-offset: 2px;
  width: auto;
  line-height: 1.2;
  border-radius: var(--chakra-radii-md);
  font-weight: var(--chakra-fontWeights-semibold);
  transition-property: var(--chakra-transition-property-common);
  transition-duration: var(--chakra-transition-duration-normal);
  height: var(--chakra-sizes-10);
  min-width: 150px;
  font-size: var(--chakra-fontSizes-md);
  -webkit-padding-start: var(--chakra-space-4);
  padding-inline-start: var(--chakra-space-4);
  -webkit-padding-end: var(--chakra-space-4);
  padding-inline-end: var(--chakra-space-4);
  background: orange;
}

.emotion-27:focus,
.emotion-27[data-focus] {
  box-shadow: var(--chakra-shadows-outline);
}

.emotion-27[disabled],
.emotion-27[aria-disabled=true],
.emotion-27[data-disabled] {
  opacity: 0.4;
  cursor: not-allowed;
  box-shadow: var(--chakra-shadows-none);
}

.emotion-27:hover,
.emotion-27[data-hover] {
  background: orange;
}

.emotion-27:active,
.emotion-27[data-active] {
  background: var(--chakra-colors-gray-300);
}

.emotion-28 {
  display: -webkit-inline-box;
  display: -webkit-inline-flex;
  display: -ms-inline-flexbox;
  display: inline-flex;
  -webkit-appearance: none;
  -moz-appearance: none;
  -ms-appearance: none;
  appearance: none;
  -webkit-align-items: center;
  -webkit-box-align: center;
  -ms-flex-align: center;
  align-items: center;
  -webkit-box-pack: center;
  -ms-flex-pack: center;
  -webkit-justify-content: center;
  justify-content: center;
  -webkit-user-select: none;
  -moz-user-select: none;
  -ms-user-select: none;
  user-select: none;
  position: relative;
  white-space: nowrap;
  vertical-align: middle;
  outline: 2px solid transparent;
  outline-offset: 2px;
  width: auto;
  line-height: 1.2;
  border-radius: var(--chakra-radii-md);
  font-weight: 400;
  transition-property: var(--chakra-transition-property-common);
  transition-duration: var(--chakra-transition-duration-normal);
  height: var(--chakra-sizes-10);
  min-width: 150px;
  font-size: var(--chakra-fontSizes-md);
  -webkit-padding-start: var(--chakra-space-4);
  padding-inline-start: var(--chakra-space-4);
  -webkit-padding-end: var(--chakra-space-4);
  padding-inline-end: var(--chakra-space-4);
  border: 1px solid;
  border-color: var(--chakra-colors-gray-200);
  color: link;
  margin-bottom: var(--chakra-space-4);
}

.emotion-28:focus,
.emotion-28[data-focus] {
  box-shadow: var(--chakra-shadows-outline);
}

.emotion-28[disabled],
.emotion-28[aria-disabled=true],
.emotion-28[data-disabled] {
  opacity: 0.4;
  cursor: not-allowed;
  box-shadow: var(--chakra-shadows-none);
}

.emotion-28:hover,
.emotion-28[data-hover] {
  background: var(--chakra-colors-gray-100);
}

.emotion-28:hover[disabled],
.emotion-28[data-hover][disabled],
.emotion-28:hover[aria-disabled=true],
.emotion-28[data-hover][aria-disabled=true],
.emotion-28:hover[data-disabled],
.emotion-28[data-hover][data-disabled] {
  background: initial;
}

.emotion-28:active,
.emotion-28[data-active] {
  background: var(--chakra-colors-gray-200);
}

<div>
  <form
    class="emotion-0"
  >
    <div
      class="chakra-stack emotion-1"
    >
      <p
        class="chakra-text emotion-2"
      >
        Please provide the name and email address for the new contact
      </p>
      <p
        class="chakra-text emotion-3"
      >
        The contact will receive an email to create a TRISA Global Directory Service (GDS) account or join this organization if the contact already has a TRISA GDS account. The invitation to join is valid for 7 calendar days. The contact will be added as a member for the VASP. The contact will have the ability to contribute to certificate requests, check on the status of certificate requests, and complete other actions related to the organization’s TRISA membership.
      </p>
    </div>
    <div
      class="chakra-stack emotion-4"
    >
      <p
        class="chakra-text emotion-2"
      >
        VASP
      </p>
      <p
        class="chakra-text emotion-0"
        data-testid="vasp-name"
      >
        No VASP name found
      </p>
    </div>
    <div
      class="chakra-stack emotion-7"
    >
      <div
        class="chakra-form-control emotion-8"
        role="group"
      >
        <label
          class="chakra-form__label emotion-9"
          for="name"
          id="field-1-label"
        >
          <span
            class="emotion-10"
          >
            Contact Name
          </span>
           
          (
          required
          )
        </label>
        <div
          class="chakra-input__group emotion-11"
        >
          <input
            aria-describedby="field-1-helptext"
            class="chakra-input emotion-12"
            data-test="name"
            id="name"
            name="name"
            type="text"
          />
        </div>
        <div
          class="chakra-form__helper-text emotion-13"
          id="field-1-helptext"
        />
      </div>
    </div>
    <div
      class="chakra-form-control emotion-8"
      role="group"
    >
      <label
        class="chakra-form__label emotion-9"
        for="email"
        id="field-2-label"
      >
        <span
          class="emotion-10"
        >
          Email Address
        </span>
         
        (
        required
        )
      </label>
      <div
        class="chakra-input__group emotion-11"
      >
        <input
          aria-describedby="field-2-helptext"
          class="chakra-input emotion-12"
          data-test="email"
          id="email"
          name="email"
          type="text"
        />
      </div>
      <div
        class="chakra-form__helper-text emotion-13"
        id="field-2-helptext"
      />
    </div>
    <div
      class="chakra-form-control emotion-8"
      role="group"
    >
      <label
        class="chakra-form__label emotion-9"
        for="agreed"
        id="field-3-label"
      />
      <label
        class="chakra-checkbox emotion-22"
      >
        <input
          aria-describedby="field-3-helptext"
          aria-disabled="false"
          aria-invalid="false"
          class="chakra-checkbox__input"
          id="agreed"
          name="agreed"
          style="border: 0px; clip: rect(0px, 0px, 0px, 0px); height: 1px; width: 1px; margin: -1px; padding: 0px; overflow: hidden; white-space: nowrap; position: absolute;"
          type="checkbox"
          value=""
        />
        <span
          aria-hidden="true"
          class="chakra-checkbox__control emotion-23"
        />
        <span
          class="chakra-checkbox__label emotion-24"
        >
          TRISA is a network of trusted members. I acknowledge that the contact is authorized to access the organization’s TRISA account information.
        </span>
      </label>
      <div
        class="chakra-form__helper-text emotion-13"
        id="field-3-helptext"
      />
    </div>
    <div
      class="chakra-stack emotion-26"
    >
      <button
        class="chakra-button emotion-27"
        data-test="submit"
        disabled=""
        type="submit"
      >
        Invite
      </button>
      <button
        class="chakra-button emotion-28"
        data-test="cancel"
        type="button"
      >
        Cancel
      </button>
    </div>
  </form>
</div>
`;
