// Jest Snapshot v1, https://goo.gl/fbAQLP

exports[`<LegalPersonReview /> should match snapshot 1`] = `
<div>
  <div
    class="css-18e1pym"
  >
    <div
      class="chakra-stack css-n21gh5"
    >
      <div
        class="css-18uk989"
      >
        <h2
          class="chakra-heading css-13m0iy4"
        >
          Section 2: Legal Person
        </h2>
        <button
          class="chakra-button css-10fawgy"
          type="button"
        >
          Edit
        </button>
      </div>
      <div
        class="chakra-stack css-16ztyi4"
      >
        <table
          class="chakra-table css-2zf4qf"
          role="table"
        >
          <tbody
            class="css-1sxjzw4"
          >
            <tr
              class="css-0"
              role="row"
            >
              <td
                class="css-1b8pwgj"
                colspan="3"
                role="gridcell"
              >
                Name Identifiers
              </td>
            </tr>
            <tr
              class="css-0"
              role="row"
            >
              <td
                class="css-oabm8g"
                role="gridcell"
              >
                The name and type of name by which the legal person is known.
              </td>
              <td
                class="css-xumdn4"
                role="gridcell"
              >
                <table
                  class="chakra-table css-5605sr"
                  role="table"
                >
                  <tbody
                    class="css-0"
                  />
                </table>
              </td>
            </tr>
            <tr
              class="css-0"
              role="row"
            >
              <td
                class="css-1b1t9fp"
                role="gridcell"
              >
                Addresses
              </td>
              <td
                class="css-i257lr"
                role="gridcell"
              >
                <tr
                  class="css-0"
                  role="row"
                >
                  <td
                    class="css-1g75rv3"
                    role="gridcell"
                  />
                </tr>
              </td>
            </tr>
            <tr
              class="css-0"
              role="row"
            >
              <td
                class="css-1b1t9fp"
                role="gridcell"
              >
                Country of Registration
              </td>
              <td
                class="css-18jx7ha"
                role="gridcell"
              >
                <tbody
                  class="css-0"
                >
                  <tr
                    class="css-0"
                    role="row"
                  >
                    <td
                      class="css-1uy98i6"
                      role="gridcell"
                    >
                      N/A
                    </td>
                  </tr>
                </tbody>
              </td>
            </tr>
            <tr
              class="css-0"
              role="row"
            >
              <td
                class="css-xumdn4"
                role="gridcell"
              />
            </tr>
            <tr
              class="css-0"
              role="row"
            >
              <td
                class="css-a3eb33"
                colspan="3"
                role="gridcell"
              >
                <p
                  class="chakra-text css-92ucc9"
                >
                  National Identification
                </p>
              </td>
            </tr>
            <tr
              class="css-0"
              role="row"
            >
              <td
                class="css-xumdn4"
                role="gridcell"
              />
            </tr>
            <tr
              class="css-0"
              role="row"
            >
              <td
                class="css-oabm8g"
                role="gridcell"
              >
                Identification Number
              </td>
              <td
                class="css-i257lr"
                role="gridcell"
              />
            </tr>
            <tr
              class="css-0"
              role="row"
            >
              <td
                class="css-oabm8g"
                role="gridcell"
              >
                Identification Type
              </td>
              <td
                class="css-oabm8g"
                role="gridcell"
              >
                <span
                  class="css-xo9vic"
                />
              </td>
            </tr>
            <tr
              class="css-0"
              role="row"
            >
              <td
                class="css-xumdn4"
                role="gridcell"
              >
                Country of Registration
              </td>
              <td
                class="css-xumdn4"
                role="gridcell"
              >
                N/A
              </td>
            </tr>
            <tr
              class="css-0"
              role="row"
            >
              <td
                class="css-oabm8g"
                role="gridcell"
              >
                Reg Authority
              </td>
              <td
                class="css-oabm8g"
                role="gridcell"
              >
                N/A
              </td>
            </tr>
          </tbody>
        </table>
      </div>
    </div>
  </div>
</div>
`;
