// Jest Snapshot v1, https://goo.gl/fbAQLP

exports[`<TrisaImplementationReview /> should match snapshot 1`] = `
.emotion-0 {
  border: 1px solid #DFE0EB;
  font-family: Open Sans;
  color: #252733;
  background: var(--chakra-colors-white);
  font-size: 18px;
  padding: var(--chakra-space-5);
  -webkit-padding-start: var(--chakra-space-5);
  padding-inline-start: var(--chakra-space-5);
  -webkit-padding-end: var(--chakra-space-5);
  padding-inline-end: var(--chakra-space-5);
}

.emotion-1 {
  display: -webkit-box;
  display: -webkit-flex;
  display: -ms-flexbox;
  display: flex;
  -webkit-flex-direction: column;
  -ms-flex-direction: column;
  flex-direction: column;
}

.emotion-1>*:not(style)~*:not(style) {
  margin-top: 0.5rem;
  -webkit-margin-end: 0px;
  margin-inline-end: 0px;
  margin-bottom: 0px;
  -webkit-margin-start: 0px;
  margin-inline-start: 0px;
}

.emotion-2 {
  display: -webkit-box;
  display: -webkit-flex;
  display: -ms-flexbox;
  display: flex;
  -webkit-box-pack: justify;
  -webkit-justify-content: space-between;
  justify-content: space-between;
  padding-top: var(--chakra-space-4);
  margin-left: 0px;
}

.emotion-3 {
  font-family: var(--chakra-fonts-heading);
  font-weight: var(--chakra-fontWeights-bold);
  font-size: 20px;
  line-height: 1.33;
  margin-bottom: 2rem;
}

@media screen and (min-width: 48em) {
  .emotion-3 {
    line-height: 1.2;
  }
}

.emotion-4 {
  display: -webkit-inline-box;
  display: -webkit-inline-flex;
  display: -ms-inline-flexbox;
  display: inline-flex;
  -webkit-appearance: none;
  -moz-appearance: none;
  -ms-appearance: none;
  appearance: none;
  -webkit-align-items: center;
  -webkit-box-align: center;
  -ms-flex-align: center;
  align-items: center;
  -webkit-box-pack: center;
  -ms-flex-pack: center;
  -webkit-justify-content: center;
  justify-content: center;
  -webkit-user-select: none;
  -moz-user-select: none;
  -ms-user-select: none;
  user-select: none;
  position: relative;
  white-space: nowrap;
  vertical-align: middle;
  outline: 2px solid transparent;
  outline-offset: 2px;
  width: auto;
  line-height: 1.2;
  border-radius: var(--chakra-radii-md);
  font-weight: var(--chakra-fontWeights-semibold);
  transition-property: var(--chakra-transition-property-common);
  transition-duration: var(--chakra-transition-duration-normal);
  height: 34px;
  min-width: var(--chakra-sizes-10);
  font-size: var(--chakra-fontSizes-md);
  -webkit-padding-start: var(--chakra-space-4);
  padding-inline-start: var(--chakra-space-4);
  -webkit-padding-end: var(--chakra-space-4);
  padding-inline-end: var(--chakra-space-4);
  background: blue;
  color: var(--chakra-colors-white);
}

.emotion-4:focus,
.emotion-4[data-focus] {
  box-shadow: var(--chakra-shadows-outline);
}

.emotion-4[disabled],
.emotion-4[aria-disabled=true],
.emotion-4[data-disabled] {
  opacity: 0.4;
  cursor: not-allowed;
  box-shadow: var(--chakra-shadows-none);
}

.emotion-4:hover,
.emotion-4[data-hover] {
  background: #10aaed;
}

.emotion-4:active,
.emotion-4[data-active] {
  background: var(--chakra-colors-gray-300);
}

.emotion-5 {
  display: -webkit-box;
  display: -webkit-flex;
  display: -ms-flexbox;
  display: flex;
  -webkit-flex-direction: column;
  -ms-flex-direction: column;
  flex-direction: column;
  font-size: 1rem;
}

.emotion-5>*:not(style)~*:not(style) {
  margin-top: 0.5rem;
  -webkit-margin-end: 0px;
  margin-inline-end: 0px;
  margin-bottom: 0px;
  -webkit-margin-start: 0px;
  margin-inline-start: 0px;
}

.emotion-6 {
  font-variant-numeric: lining-nums tabular-nums;
  border-collapse: collapse;
  width: var(--chakra-sizes-full);
}

.emotion-6 td:nth-child(2),
.emotion-6 td:nth-child(3) {
  font-weight: var(--chakra-fontWeights-semibold);
}

.emotion-6 Tr {
  border-style: hidden;
}

.emotion-7 td:first-child {
  width: 50%;
  padding-left: 1rem;
}

.emotion-7 td {
  border-bottom: var(--chakra-borders-none);
  -webkit-padding-start: 0px;
  padding-inline-start: 0px;
  padding-top: var(--chakra-space-2-5);
  padding-bottom: var(--chakra-space-2-5);
}

.emotion-9 {
  text-align: start;
  -webkit-padding-start: var(--chakra-space-6);
  padding-inline-start: var(--chakra-space-6);
  -webkit-padding-end: var(--chakra-space-6);
  padding-inline-end: var(--chakra-space-6);
  padding-top: var(--chakra-space-4);
  padding-bottom: var(--chakra-space-4);
  line-height: var(--chakra-lineHeights-5);
  border-bottom: var(--chakra-borders-1px);
  border-color: var(--chakra-colors-gray-100);
  background: #E5EDF1;
  font-weight: var(--chakra-fontWeights-bold);
  padding-left: 1rem!important;
}

.emotion-9[data-is-numeric=true] {
  text-align: end;
}

.emotion-11 {
  text-align: start;
  -webkit-padding-start: var(--chakra-space-6);
  padding-inline-start: var(--chakra-space-6);
  -webkit-padding-end: var(--chakra-space-6);
  padding-inline-end: var(--chakra-space-6);
  padding-top: 1rem!important;
  padding-bottom: var(--chakra-space-4);
  line-height: var(--chakra-lineHeights-5);
  border-bottom: var(--chakra-borders-1px);
  border-color: var(--chakra-colors-gray-100);
}

.emotion-11[data-is-numeric=true] {
  text-align: end;
}

.emotion-12 {
  text-align: start;
  -webkit-padding-start: var(--chakra-space-6);
  padding-inline-start: var(--chakra-space-6);
  -webkit-padding-end: var(--chakra-space-6);
  padding-inline-end: var(--chakra-space-6);
  padding-top: var(--chakra-space-4);
  padding-bottom: var(--chakra-space-4);
  line-height: var(--chakra-lineHeights-5);
  border-bottom: var(--chakra-borders-1px);
  border-color: var(--chakra-colors-gray-100);
  padding-left: 0px;
}

.emotion-12[data-is-numeric=true] {
  text-align: end;
}

.emotion-14 {
  text-align: start;
  -webkit-padding-start: var(--chakra-space-6);
  padding-inline-start: var(--chakra-space-6);
  -webkit-padding-end: var(--chakra-space-6);
  padding-inline-end: var(--chakra-space-6);
  padding-top: var(--chakra-space-4);
  padding-bottom: var(--chakra-space-4);
  line-height: var(--chakra-lineHeights-5);
  border-bottom: var(--chakra-borders-1px);
  border-color: var(--chakra-colors-gray-100);
}

.emotion-14[data-is-numeric=true] {
  text-align: end;
}

<div>
  <div
    class="emotion-0"
  >
    <div
      class="chakra-stack emotion-1"
    >
      <div
        class="emotion-2"
      >
        <h2
          class="chakra-heading emotion-3"
        >
          Section 4: TRISA Implementation
        </h2>
        <button
          class="chakra-button emotion-4"
          type="button"
        >
          Edit
        </button>
      </div>
      <div
        class="chakra-stack emotion-5"
      >
        <table
          class="chakra-table emotion-6"
          role="table"
        >
          <tbody
            class="emotion-7"
          >
            <tr
              class="emotion-8"
              role="row"
            >
              <td
                class="emotion-9"
                colspan="2"
                role="gridcell"
              >
                TestNet
              </td>
            </tr>
            <tr
              class="emotion-8"
              role="row"
            >
              <td
                class="emotion-11"
                role="gridcell"
              >
                TestNet TRISA Endpoint
              </td>
              <td
                class="emotion-12"
                role="gridcell"
              >
                N/A
              </td>
            </tr>
            <tr
              class="emotion-8"
              role="row"
            >
              <td
                class="emotion-14"
                role="gridcell"
              >
                TestNet Certificate Common Name
              </td>
              <td
                class="emotion-12"
                role="gridcell"
              >
                N/A
              </td>
            </tr>
            <tr
              class="emotion-8"
              role="row"
            >
              <td
                class="emotion-14"
                colspan="2"
                role="gridcell"
              />
            </tr>
            <tr
              class="emotion-8"
              role="row"
            >
              <td
                class="emotion-9"
                colspan="2"
                role="gridcell"
              >
                MainNet
              </td>
            </tr>
            <tr
              class="emotion-8"
              role="row"
            >
              <td
                class="emotion-11"
                role="gridcell"
              >
                MainNet TRISA Endpoint
              </td>
              <td
                class="emotion-12"
                role="gridcell"
              >
                N/A
              </td>
            </tr>
            <tr
              class="emotion-8"
              role="row"
            >
              <td
                class="emotion-14"
                role="gridcell"
              >
                MainNet Certificate Common Name
              </td>
              <td
                class="emotion-12"
                role="gridcell"
              >
                N/A
              </td>
            </tr>
          </tbody>
        </table>
      </div>
    </div>
  </div>
</div>
`;
